******************************************************************************
                  TI ARM Linker PC v16.9.3                     
******************************************************************************
>> Linked Tue Jun 05 11:42:10 2018

OUTPUT FILE NAME:   <iib.out>
ENTRY POINT SYMBOL: "_c_int00"  address: 00009191


MEMORY CONFIGURATION

         name            origin    length      used     unused   attr    fill
----------------------  --------  ---------  --------  --------  ----  --------
  FLASH                 00000000   00100000  00009ec4  000f613c  R  X
  SRAM                  20000000   00040000  00000841  0003f7bf  RW X


SEGMENT ALLOCATION MAP

run origin  load origin   length   init length attrs members
----------  ----------- ---------- ----------- ----- -------
00000000    00000000    00009ec8   00009ec8    r-x
  00000000    00000000    00000208   00000208    r-- .intvecs
  00000208    00000208    0000978c   0000978c    r-x .text
  00009994    00009994    000004b0   000004b0    r-- .const
  00009e48    00009e48    00000080   00000080    r-- .cinit
20000000    20000000    00000844   00000000    rw-
  20000000    20000000    0000026c   00000000    rw- .vtable
  2000026c    2000026c    0000033d   00000000    rw- .bss
  200005ac    200005ac    00000200   00000000    rw- .stack
  200007ac    200007ac    00000098   00000000    rw- .data


SECTION ALLOCATION MAP

 output                                  attributes/
section   page    origin      length       input sections
--------  ----  ----------  ----------   ----------------
.intvecs   0    00000000    00000208     
                  00000000    00000208     tm4c129encpdt_startup_ccs.obj (.intvecs)

.text      0    00000208    0000978c     
                  00000208    000025e0     adc_internal.obj (.text)
                  000027e8    00002520     application.obj (.text)
                  00004d08    00000ea8     can_bus.obj (.text)
                  00005bb0    00000a08     pt100.obj (.text)
                  000065b8    000006cc     leds.obj (.text)
                  00006c84    00000474     BoardTempHum.obj (.text)
                  000070f8    00000390     i2c_driver.obj (.text)
                  00007488    00000314     task.obj (.text)
                  0000779c    000002a0     input.obj (.text)
                  00007a3c    00000200     driverlib.lib : sysctl.obj (.text:SysCtlClockFreqSet)
                  00007c3c    000001b6     rtsv7M4_T_le_v4SPD16_eabi.lib : fd_add_t2.obj (.text)
                  00007df2    00000002                                   : mpu_init.obj (.text)
                  00007df4    000001a0     main.obj (.text)
                  00007f94    00000188     output.obj (.text)
                  0000811c    00000170     rtsv7M4_T_le_v4SPD16_eabi.lib : e_sqrt.obj (.text)
                  0000828c    0000016c     spi.obj (.text)
                  000083f8    00000144     hardware_def.obj (.text)
                  0000853c    00000136     driverlib.lib : can.obj (.text:CANMessageSet)
                  00008672    00000136     rtsv7M4_T_le_v4SPD16_eabi.lib : fd_div_t2.obj (.text)
                  000087a8    00000132     driverlib.lib : gpio.obj (.text:GPIOPadConfigSet)
                  000088da    00000002     rtsv7M4_T_le_v4SPD16_eabi.lib : startup.obj (.text)
                  000088dc    00000110     driverlib.lib : sysctl.obj (.text:SysCtlClockGet)
                  000089ec    0000010e                   : can.obj (.text:CANMessageGet)
                  00008afa    000000fc     rtsv7M4_T_le_v4SPD16_eabi.lib : fd_mul_t2.obj (.text)
                  00008bf6    000000ac     gpio_driver.obj (.text)
                  00008ca2    0000009c     rtsv7M4_T_le_v4SPD16_eabi.lib : memcpy_t2.obj (.text)
                  00008d3e    00000086                                   : fd_cmp_t2.obj (.text:__aeabi_cdrcmple)
                  00008dc4    0000007a     driverlib.lib : adc.obj (.text:ADCSequenceStepConfigure)
                  00008e3e    0000007a     rtsv7M4_T_le_v4SPD16_eabi.lib : memset_t2.obj (.text)
                  00008eb8    00000070                                   : autoinit.obj (.text)
                  00008f28    0000006e                                   : fd_tos_t2.obj (.text)
                  00008f96    00000002     --HOLE-- [fill = 0]
                  00008f98    0000006c     driverlib.lib : can.obj (.text:CANBitRateSet)
                  00009004    00000068                   : interrupt.obj (.text:IntEnable)
                  0000906c    00000068     rtsv7M4_T_le_v4SPD16_eabi.lib : copy_decompress_lzss.obj (.text:decompress:lzss)
                  000090d4    00000060     driverlib.lib : timer.obj (.text:TimerConfigure)
                  00009134    0000005c                   : can.obj (.text:_CANIntNumberGet)
                  00009190    00000054     rtsv7M4_T_le_v4SPD16_eabi.lib : boot.obj (.text)
                  000091e4    00000054                                   : exit.obj (.text)
                  00009238    00000050     driverlib.lib : adc.obj (.text:ADCSequenceConfigure)
                  00009288    00000050                   : sysctl.obj (.text:SysCtlPeripheralReset)
                  000092d8    0000004c                   : i2c.obj (.text:I2CMasterInitExpClk)
                  00009324    0000004c                   : timer.obj (.text:_TimerIntNumberGet)
                  00009370    0000004c     rtsv7M4_T_le_v4SPD16_eabi.lib : cpy_tbl.obj (.text)
                  000093bc    00000048     driverlib.lib : gpio.obj (.text:GPIOPinConfigure)
                  00009404    00000048                   : sysctl.obj (.text:_SysCtlFrequencyGet)
                  0000944c    00000044                   : i2c.obj (.text:I2CMasterGlitchFilterConfigSet)
                  00009490    00000040                   : can.obj (.text:CANStatusGet)
                  000094d0    0000003c                   : ssi.obj (.text:SSIConfigSetExpClk)
                  0000950c    0000003a                   : can.obj (.text:CANInit)
                  00009546    00000002     --HOLE-- [fill = 0]
                  00009548    00000038                   : sysctl.obj (.text:SysCtlPeripheralReady)
                  00009580    00000038     rtsv7M4_T_le_v4SPD16_eabi.lib : fs_tod_t2.obj (.text)
                  000095b8    00000034     driverlib.lib : interrupt.obj (.text:IntRegister)
                  000095ec    00000034                   : sysctl.obj (.text:SysCtlPeripheralDisable)
                  00009620    00000034                   : sysctl.obj (.text:SysCtlPeripheralEnable)
                  00009654    0000002e                   : adc.obj (.text:ADCIntStatus)
                  00009682    0000002a                   : gpio.obj (.text:GPIODirModeSet)
                  000096ac    0000002a                   : can.obj (.text:_CANDataRegRead)
                  000096d6    00000002     --HOLE-- [fill = 0]
                  000096d8    00000024                   : interrupt.obj (.text:IntPrioritySet)
                  000096fc    00000024                   : can.obj (.text:_CANDataRegWrite)
                  00009720    00000022                   : can.obj (.text:CANIntClear)
                  00009742    00000020                   : can.obj (.text:CANIntStatus)
                  00009762    00000002     --HOLE-- [fill = 0]
                  00009764    00000020                   : sysctl.obj (.text:_SysCtlMemTimingGet)
                  00009784    0000001e                   : adc.obj (.text:ADCSequenceDataGet)
                  000097a2    00000018                   : adc.obj (.text:ADCProcessorTrigger)
                  000097ba    00000018                   : can.obj (.text:CANIntRegister)
                  000097d2    00000018                   : gpio.obj (.text:GPIOPinTypeGPIOOutput)
                  000097ea    00000018                   : timer.obj (.text:TimerIntRegister)
                  00009802    00000002     --HOLE-- [fill = 0]
                  00009804    00000018     rtsv7M4_T_le_v4SPD16_eabi.lib : args_main.obj (.text)
                  0000981c    00000014                                   : _lock.obj (.text)
                  00009830    00000012     driverlib.lib : gpio.obj (.text:GPIOPinTypeADC)
                  00009842    00000012                   : gpio.obj (.text:GPIOPinTypeCAN)
                  00009854    00000012                   : gpio.obj (.text:GPIOPinTypeGPIOInput)
                  00009866    00000012                   : gpio.obj (.text:GPIOPinTypeI2C)
                  00009878    00000012                   : gpio.obj (.text:GPIOPinTypeI2CSCL)
                  0000988a    00000012                   : gpio.obj (.text:GPIOPinTypeSSI)
                  0000989c    00000012                   : ssi.obj (.text:SSIDataGetNonBlocking)
                  000098ae    00000012                   : timer.obj (.text:TimerLoadSet)
                  000098c0    0000000e                   : adc.obj (.text:ADCSequenceEnable)
                  000098ce    0000000e                   : timer.obj (.text:TimerEnable)
                  000098dc    0000000e     rtsv7M4_T_le_v4SPD16_eabi.lib : copy_decompress_none.obj (.text:decompress:none)
                  000098ea    0000000c     driverlib.lib : adc.obj (.text:ADCReferenceSet)
                  000098f6    0000000c                   : ssi.obj (.text:SSIDataGet)
                  00009902    0000000c     rtsv7M4_T_le_v4SPD16_eabi.lib : copy_zero_init.obj (.text:decompress:ZI)
                  0000990e    0000000c     tm4c129encpdt_startup_ccs.obj (.text)
                  0000991a    0000000a     driverlib.lib : adc.obj (.text:ADCIntClear)
                  00009924    0000000a                   : can.obj (.text:CANEnable)
                  0000992e    0000000a                   : i2c.obj (.text:I2CMasterEnable)
                  00009938    0000000a                   : ssi.obj (.text:SSIDataPut)
                  00009942    0000000a                   : ssi.obj (.text:SSIEnable)
                  0000994c    00000008                   : can.obj (.text:CANIntEnable)
                  00009954    00000008                   : i2c.obj (.text:I2CMasterBusBusy)
                  0000995c    00000008                   : i2c.obj (.text:I2CMasterBusy)
                  00009964    00000008                   : i2c.obj (.text:I2CMasterSlaveAddrSet)
                  0000996c    00000008                   : timer.obj (.text:TimerIntEnable)
                  00009974    00000006                   : gpio.obj (.text:GPIOPinRead)
                  0000997a    00000006                   : gpio.obj (.text:GPIOPinWrite)
                  00009980    00000004                   : i2c.obj (.text:I2CMasterControl)
                  00009984    00000004                   : i2c.obj (.text:I2CMasterDataGet)
                  00009988    00000004                   : i2c.obj (.text:I2CMasterDataPut)
                  0000998c    00000004                   : timer.obj (.text:TimerIntClear)
                  00009990    00000004     rtsv7M4_T_le_v4SPD16_eabi.lib : pre_init.obj (.text)

.const     0    00009994    000004b0     
                  00009994    000001b0     driverlib.lib : sysctl.obj (.const:g_pppui32XTALtoVCO)
                  00009b44    0000009c                   : interrupt.obj (.const:g_pui32Regs)
                  00009be0    00000090                   : gpio.obj (.const:g_pui32GPIOBaseAddrs)
                  00009c70    00000070                   : interrupt.obj (.const)
                  00009ce0    0000006c                   : sysctl.obj (.const:g_pui32Xtals)
                  00009d4c    00000060                   : timer.obj (.const:g_ppui32TimerIntMap)
                  00009dac    00000040                   : timer.obj (.const:g_ppui32TimerIntMapSnowflake)
                  00009dec    00000030                   : sysctl.obj (.const:g_sXTALtoMEMTIM)
                  00009e1c    00000020                   : can.obj (.const)
                  00009e3c    00000008                   : sysctl.obj (.const)

.cinit     0    00009e48    00000080     
                  00009e48    00000048     (.cinit..data.load) [load image, compression = lzss]
                  00009e90    0000000c     (__TI_handler_table)
                  00009e9c    00000004     --HOLE-- [fill = 0]
                  00009ea0    00000008     (.cinit..bss.load) [load image, compression = zero_init]
                  00009ea8    00000008     (.cinit..vtable.load) [load image, compression = zero_init]
                  00009eb0    00000018     (__TI_cinit_table)

.init_array 
*          0    00000000    00000000     UNINITIALIZED

.vtable    0    20000000    0000026c     UNINITIALIZED
                  20000000    0000026c     driverlib.lib : interrupt.obj (.vtable)

.bss       0    2000026c    0000033d     UNINITIALIZED
                  2000026c    00000048     application.obj (.bss:Q1Module)
                  200002b4    00000040     application.obj (.bss:Rectifier)
                  200002f4    0000002c     application.obj (.bss:Q4Module)
                  20000320    00000020     adc_internal.obj (.bss:CurrentCh1)
                  20000340    00000020     adc_internal.obj (.bss:CurrentCh2)
                  20000360    00000020     adc_internal.obj (.bss:CurrentCh3)
                  20000380    00000020     adc_internal.obj (.bss:CurrentCh4)
                  200003a0    00000020     adc_internal.obj (.bss:Driver1Curr)
                  200003c0    00000020     adc_internal.obj (.bss:Driver2Curr)
                  200003e0    00000020     adc_internal.obj (.bss:DriverVolt)
                  20000400    00000020     adc_internal.obj (.bss:LvCurrentCh1)
                  20000420    00000020     adc_internal.obj (.bss:LvCurrentCh2)
                  20000440    00000020     adc_internal.obj (.bss:LvCurrentCh3)
                  20000460    00000020     adc_internal.obj (.bss:VoltageCh1)
                  20000480    00000020     adc_internal.obj (.bss:VoltageCh2)
                  200004a0    00000020     adc_internal.obj (.bss:VoltageCh3)
                  200004c0    00000020     adc_internal.obj (.bss:VoltageCh4)
                  200004e0    0000001c     adc_internal.obj (.bss:adc_0_value)
                  200004fc    0000001c     adc_internal.obj (.bss:adc_1_value)
                  20000518    00000018     application.obj (.bss:InputModule)
                  20000530    00000014     (.common:sCANMessage)
                  20000544    00000014     (.common:sCANMessageTx)
                  20000558    0000000f     pt100.obj (.bss:Pt100Ch1)
                  20000567    0000000f     pt100.obj (.bss:Pt100Ch2)
                  20000576    0000000f     pt100.obj (.bss:Pt100Ch3)
                  20000585    0000000f     pt100.obj (.bss:Pt100Ch4)
                  20000594    00000008     (.common:pui8MsgData)
                  2000059c    00000008     (.common:pui8MsgDataTx)
                  200005a4    00000004     can_bus.obj (.bss:floatNchars)
                  200005a8    00000001     BoardTempHum.obj (.bss)

.stack     0    200005ac    00000200     UNINITIALIZED
                  200005ac    00000200     --HOLE--

.data      0    200007ac    00000098     UNINITIALIZED
                  200007ac    00000025     task.obj (.data)
                  200007d1    00000003     input.obj (.data)
                  200007d4    00000018     pt100.obj (.data)
                  200007ec    00000012     BoardTempHum.obj (.data)
                  200007fe    00000002     --HOLE--
                  20000800    0000000d     adc_internal.obj (.data)
                  2000080d    00000003     --HOLE--
                  20000810    0000000c     rtsv7M4_T_le_v4SPD16_eabi.lib : exit.obj (.data:$O1$$)
                  2000081c    00000008                                   : _lock.obj (.data:$O1$$)
                  20000824    00000007     application.obj (.data)
                  2000082b    00000001     --HOLE--
                  2000082c    00000007     can_bus.obj (.data)
                  20000833    00000001     --HOLE--
                  20000834    00000005     main.obj (.data)
                  20000839    00000003     --HOLE--
                  2000083c    00000004     rtsv7M4_T_le_v4SPD16_eabi.lib : errno.obj (.data)
                  20000840    00000004                                   : stkdepth_vars.obj (.data)

MODULE SUMMARY

       Module                          code    ro data   rw data
       ------                          ----    -------   -------
    .\
       adc_internal.obj                9696    0         517    
       application.obj                 9504    0         211    
       can_bus.obj                     3752    0         67     
       pt100.obj                       2568    0         84     
       leds.obj                        1740    0         0      
       BoardTempHum.obj                1140    0         19     
       task.obj                        788     0         37     
       input.obj                       672     0         3      
       tm4c129encpdt_startup_ccs.obj   12      520       0      
       main.obj                        416     0         5      
       output.obj                      392     0         0      
    +--+-------------------------------+-------+---------+---------+
       Total:                          30680   520       943    
                                                                
    .\board_drivers\
       hardware_def.obj                324     0         0      
    +--+-------------------------------+-------+---------+---------+
       Total:                          324     0         0      
                                                                
    .\peripheral_drivers\gpio\
       gpio_driver.obj                 172     0         0      
    +--+-------------------------------+-------+---------+---------+
       Total:                          172     0         0      
                                                                
    .\peripheral_drivers\i2c\
       i2c_driver.obj                  912     0         0      
    +--+-------------------------------+-------+---------+---------+
       Total:                          912     0         0      
                                                                
    .\peripheral_drivers\spi\
       spi.obj                         364     0         0      
    +--+-------------------------------+-------+---------+---------+
       Total:                          364     0         0      
                                                                
    C:/ti/TivaWare_C_Series-2.1.4.178/driverlib/ccs/Debug/driverlib.lib
       sysctl.obj                      1128    596       0      
       can.obj                         1088    32        0      
       interrupt.obj                   192     268       620    
       gpio.obj                        564     144       0      
       timer.obj                       240     160       0      
       adc.obj                         338     0         0      
       i2c.obj                         190     0         0      
       ssi.obj                         110     0         0      
    +--+-------------------------------+-------+---------+---------+
       Total:                          3850    1200      620    
                                                                
    C:\ti\ccsv7\tools\compiler\ti-cgt-arm_16.9.3.LTS\lib\rtsv7M4_T_le_v4SPD16_eabi.lib
       fd_add_t2.obj                   438     0         0      
       e_sqrt.obj                      368     0         0      
       fd_div_t2.obj                   310     0         0      
       fd_mul_t2.obj                   252     0         0      
       memcpy_t2.obj                   156     0         0      
       fd_cmp_t2.obj                   134     0         0      
       memset_t2.obj                   122     0         0      
       autoinit.obj                    112     0         0      
       fd_tos_t2.obj                   110     0         0      
       copy_decompress_lzss.obj        104     0         0      
       exit.obj                        84      0         12     
       boot.obj                        84      0         0      
       cpy_tbl.obj                     76      0         0      
       fs_tod_t2.obj                   56      0         0      
       _lock.obj                       20      0         8      
       args_main.obj                   24      0         0      
       copy_decompress_none.obj        14      0         0      
       copy_zero_init.obj              12      0         0      
       errno.obj                       0       0         4      
       pre_init.obj                    4       0         0      
       stkdepth_vars.obj               0       0         4      
       mpu_init.obj                    2       0         0      
       startup.obj                     2       0         0      
    +--+-------------------------------+-------+---------+---------+
       Total:                          2484    0         28     
                                                                
       Stack:                          0       0         512    
       Linker Generated:               0       124       0      
    +--+-------------------------------+-------+---------+---------+
       Grand Total:                    38786   1844      2103   


LINKER GENERATED COPY TABLES

__TI_cinit_table @ 00009eb0 records: 3, size/record: 8, table size: 24
	.data: load addr=00009e48, load size=00000048 bytes, run addr=200007ac, run size=00000098 bytes, compression=lzss
	.bss: load addr=00009ea0, load size=00000008 bytes, run addr=2000026c, run size=0000033d bytes, compression=zero_init
	.vtable: load addr=00009ea8, load size=00000008 bytes, run addr=20000000, run size=0000026c bytes, compression=zero_init


LINKER GENERATED HANDLER TABLE

__TI_handler_table @ 00009e90 records: 3, size/record: 4, table size: 12
	index: 0, handler: __TI_zero_init
	index: 1, handler: __TI_decompress_lzss
	index: 2, handler: __TI_decompress_none


GLOBAL SYMBOLS: SORTED ALPHABETICALLY BY Name 

address   name                                 
-------   ----                                 
0000991b  ADCIntClear                          
00009655  ADCIntStatus                         
000097a3  ADCProcessorTrigger                  
000098eb  ADCReferenceSet                      
00009239  ADCSequenceConfigure                 
00009785  ADCSequenceDataGet                   
000098c1  ADCSequenceEnable                    
00008dc5  ADCSequenceStepConfigure             
00002691  AdcClearAlarmTrip                    
00002089  AdcOffsetCalibration                 
00000209  AdcsInit                             
000038dd  AlarmAppCheck                        
200007cd  AlarmCheckTask                       
00003455  AlarmClear                           
0000345d  AlarmRead                            
0000344d  AlarmSet                             
00003463  AppAlarm                             
000027e9  AppConfiguration                     
00003401  AppInterlock                         
0000488f  AppType                              
00003f95  Application                          
0000779d  BoardAddressRead                     
0000766b  BoardTask                            
00006fb5  BoardTempRead                        
200007c6  BoardTempSample                      
200007c7  BoardTempSampleRead                  
00006c85  BoardTemperatureStartConersion       
00006ca7  BoardTemperatureStartRead            
000091e5  C$$EXIT                              
00008f99  CANBitRateSet                        
00009925  CANEnable                            
0000950d  CANInit                              
00009721  CANIntClear                          
0000994d  CANIntEnable                         
000097bb  CANIntRegister                       
00009743  CANIntStatus                         
000089ed  CANMessageGet                        
0000853d  CANMessageSet                        
00009491  CANStatusGet                         
000022c1  CalibrationRequestStatus             
200007b6  CanFast                              
20000830  CanId                                
00005b51  CanIdRead                            
20000832  CanScheduleVar                       
200007b8  CanSlow                              
00005a73  CheckCan                             
000022b5  ClearNewCalibrationStatus            
00000705  ConfigPolCurrCh1                     
00000719  ConfigPolCurrCh2                     
00000731  ConfigPolCurrCh3                     
00000745  ConfigPolCurrCh4                     
0000044b  ConfigPolVoltCh1                     
0000045f  ConfigPolVoltCh2                     
00000473  ConfigPolVoltCh3                     
00000487  ConfigPolVoltCh4                     
000003fb  ConfigVoltCh1AsNtc                   
0000040f  ConfigVoltCh2AsNtc                   
00000423  ConfigVoltCh3AsNtc                   
00000437  ConfigVoltCh4AsNtc                   
0000241d  CurrentCh1AlarmLevelSet              
000024cb  CurrentCh1AlarmStatusRead            
000007f1  CurrentCh1Init                       
00001fd5  CurrentCh1Read                       
00001759  CurrentCh1Sample                     
00002439  CurrentCh1TripLevelSet               
000024e5  CurrentCh1TripStatusRead             
0000244b  CurrentCh2AlarmLevelSet              
000024f5  CurrentCh2AlarmStatusRead            
000008d1  CurrentCh2Init                       
00001fdd  CurrentCh2Read                       
00001891  CurrentCh2Sample                     
0000245d  CurrentCh2TripLevelSet               
0000250d  CurrentCh2TripStatusRead             
00002479  CurrentCh3AlarmLevelSet              
0000251d  CurrentCh3AlarmStatusRead            
000009a9  CurrentCh3Init                       
00001fe9  CurrentCh3Read                       
000019c1  CurrentCh3Sample                     
0000248b  CurrentCh3TripLevelSet               
0000252d  CurrentCh3TripStatusRead             
0000249d  CurrentCh4AlarmLevelSet              
00002545  CurrentCh4AlarmStatusRead            
00000a69  CurrentCh4Init                       
00001ff5  CurrentCh4Read                       
00001afd  CurrentCh4Sample                     
000024b9  CurrentCh4TripLevelSet               
00002555  CurrentCh4TripStatusRead             
0000075d  CurrentRange                         
00007991  Driver1BotErrRead                    
00001711  Driver1CurrentAlarmStatusRead        
000016b7  Driver1CurrentRead                   
00001525  Driver1CurrentSample                 
00001717  Driver1CurrentTripStatusRead         
200007cf  Driver1CurrtReadTask                 
00007963  Driver1ErrDisable                    
0000795b  Driver1ErrEnable                     
000079a7  Driver1OverTempRead                  
0000797b  Driver1TopErrRead                    
000079e1  Driver2BotErrRead                    
0000171d  Driver2CurrentAlarmStatusRead        
000016dd  Driver2CurrentRead                   
000015f1  Driver2CurrentSample                 
00001723  Driver2CurrentTripStatusRead         
200007d0  Driver2CurrtReadTask                 
00007973  Driver2ErrDisable                    
0000796b  Driver2ErrEnable                     
000079f7  Driver2OverTempRead                  
000079cb  Driver2TopErrRead                    
00000e09  DriverCurrentInit                    
00001705  DriverVolatgeTripStatusRead          
200007ce  DriverVoltReadTask                   
000016f9  DriverVoltageAlarmStatusRead         
00000d85  DriverVoltageInit                    
0000169d  DriverVoltageRead                    
00001465  DriverVoltageSample                  
200007ca  ErrorCheck                           
00007489  ErrorCheckHandle                     
00009683  GPIODirModeSet                       
000087a9  GPIOPadConfigSet                     
000093bd  GPIOPinConfigure                     
00009975  GPIOPinRead                          
00009831  GPIOPinTypeADC                       
00009843  GPIOPinTypeCAN                       
00009855  GPIOPinTypeGPIOInput                 
000097d3  GPIOPinTypeGPIOOutput                
00009867  GPIOPinTypeI2C                       
00009879  GPIOPinTypeI2CSCL                    
0000988b  GPIOPinTypeSSI                       
0000997b  GPIOPinWrite                         
00007937  Gpdi10Read                           
00007943  Gpdi11Read                           
0000794f  Gpdi12Read                           
000078cb  Gpdi1Read                            
000078d7  Gpdi2Read                            
000078e3  Gpdi3Read                            
000078ef  Gpdi4Read                            
000078fb  Gpdi5Read                            
00007907  Gpdi6Read                            
00007913  Gpdi7Read                            
0000791f  Gpdi8Read                            
0000792b  Gpdi9Read                            
00008051  Gpdo1Sts                             
00008045  Gpdo1TurnOff                         
00008039  Gpdo1TurnOn                          
00008075  Gpdo2Sts                             
00008069  Gpdo2TurnOff                         
0000805d  Gpdo2TurnOn                          
00008099  Gpdo3Sts                             
0000808d  Gpdo3TurnOff                         
00008081  Gpdo3TurnOn                          
000080bd  Gpdo4Sts                             
000080b1  Gpdo4TurnOff                         
000080a5  Gpdo4TurnOn                          
000073d9  I2C2Receive                          
000072db  I2C2Send                             
00007231  I2C5Receive                          
0000714d  I2C5Send                             
00009955  I2CMasterBusBusy                     
0000995d  I2CMasterBusy                        
00009981  I2CMasterControl                     
00009985  I2CMasterDataGet                     
00009989  I2CMasterDataPut                     
0000992f  I2CMasterEnable                      
0000944d  I2CMasterGlitchFilterConfigSet       
000092d9  I2CMasterInitExpClk                  
00009965  I2CMasterSlaveAddrSet                
00005a9d  InitCan                              
00007287  InitI2C2                             
000070f9  InitI2C5                             
0000780f  InputInit                            
00004b29  InputModuleIinAlarmStsRead           
00004b35  InputModuleIinItlkStsRead            
00004b21  InputModuleIinRead                   
00004b55  InputModuleTempHeatsinkAlarmStsRead  
00004b5b  InputModuleTempHeatsinkItlkStsRead   
00004b4f  InputModuleTempHeatsinkRead          
00004b67  InputModuleTempLAlarmStsRead         
00004b6d  InputModuleTempLItlkStsRead          
00004b61  InputModuleTempLRead                 
00004b43  InputModuleVdcLinkAlarmStsRead       
00004b49  InputModuleVdcLinkItlkStsRead        
00004b3b  InputModuleVdcLinkRead               
00009005  IntEnable                            
000096d9  IntPrioritySet                       
000095b9  IntRegister                          
00003549  InterlockAppCheck                    
00003101  InterlockClear                       
000031c1  InterlockClearCheck                  
000033bd  InterlockRead                        
00003109  InterlockSet                         
00006c59  Led10Toggle                          
00006c4d  Led10TurnOff                         
00006c41  Led10TurnOn                          
00006b15  Led1Toggle                           
00006b09  Led1TurnOff                          
00006afd  Led1TurnOn                           
00006b39  Led2Toggle                           
00006b2d  Led2TurnOff                          
00006b21  Led2TurnOn                           
00006b5d  Led3Toggle                           
00006b51  Led3TurnOff                          
00006b45  Led3TurnOn                           
00006b81  Led4Toggle                           
00006b75  Led4TurnOff                          
00006b69  Led4TurnOn                           
00006ba5  Led5Toggle                           
00006b99  Led5TurnOff                          
00006b8d  Led5TurnOn                           
00006bc9  Led6Toggle                           
00006bbd  Led6TurnOff                          
00006bb1  Led6TurnOn                           
00006bed  Led7Toggle                           
00006be1  Led7TurnOff                          
00006bd5  Led7TurnOn                           
00006c11  Led8Toggle                           
00006c05  Led8TurnOff                          
00006bf9  Led8TurnOn                           
00006c35  Led9Toggle                           
00006c29  Led9TurnOff                          
00006c1d  Led9TurnOn                           
000069f9  LedBarBlink                          
00006aa9  LedBarOff                            
0000694d  LedBarRunning                        
00003b4d  LedIndicationStatus                  
0000667d  LedPong                              
200007cb  LedUpdate                            
00006823  LedVU                                
000065b9  LedsInit                             
00002569  LvCurrentCh1AlarmLevelSet            
000025ed  LvCurrentCh1AlarmStatusRead          
00000b21  LvCurrentCh1Init                     
00001ffd  LvCurrentCh1Read                     
00001c35  LvCurrentCh1Sample                   
0000257b  LvCurrentCh1TripLevelSet             
00002601  LvCurrentCh1TripStatusRead           
00002591  LvCurrentCh2AlarmLevelSet            
00002619  LvCurrentCh2AlarmStatusRead          
00000bfd  LvCurrentCh2Init                     
00002005  LvCurrentCh2Read                     
00001d6d  LvCurrentCh2Sample                   
000025a3  LvCurrentCh2TripLevelSet             
00002631  LvCurrentCh2TripStatusRead           
000025b9  LvCurrentCh3AlarmLevelSet            
00002645  LvCurrentCh3AlarmStatusRead          
00000cc5  LvCurrentCh3Init                     
0000200d  LvCurrentCh3Read                     
00001ea9  LvCurrentCh3Sample                   
000025d1  LvCurrentCh3TripLevelSet             
0000265d  LvCurrentCh3TripStatusRead           
00007f95  OutputInit                           
200007cc  PrintDiagnose                        
000064f9  Pt100Ch1Clear                        
00006105  Pt100Ch1Disable                      
000060fd  Pt100Ch1Enable                       
00006521  Pt100Ch1Reset                        
000060c1  Pt100Ch1Sample                       
00006503  Pt100Ch2Clear                        
00006115  Pt100Ch2Disable                      
0000610d  Pt100Ch2Enable                       
0000652b  Pt100Ch2Reset                        
000060d9  Pt100Ch2Sample                       
0000650d  Pt100Ch3Clear                        
00006125  Pt100Ch3Disable                      
0000611d  Pt100Ch3Enable                       
00006535  Pt100Ch3Reset                        
000060e9  Pt100Ch3Sample                       
00006517  Pt100Ch4Clear                        
00006135  Pt100Ch4Disable                      
0000612d  Pt100Ch4Enable                       
0000653f  Pt100Ch4Reset                        
000060f3  Pt100Ch4Sample                       
00005d25  Pt100Channel                         
00005ecb  Pt100ChannelClear                    
0000632d  Pt100ClearAlarmTrip                  
00005f05  Pt100Init                            
00005d8b  Pt100InitChannel                     
0000613d  Pt100ReadCh1                         
00006169  Pt100ReadCh1AlarmLevel               
00006379  Pt100ReadCh1AlarmSts                 
00006479  Pt100ReadCh1CNC                      
00006439  Pt100ReadCh1Error                    
000064b9  Pt100ReadCh1RtdSts                   
00006183  Pt100ReadCh1TripLevel                
0000639d  Pt100ReadCh1TripSts                  
00006143  Pt100ReadCh2                         
000061b9  Pt100ReadCh2AlarmLevel               
000063cd  Pt100ReadCh2AlarmSts                 
00006489  Pt100ReadCh2CNC                      
00006449  Pt100ReadCh2Error                    
000064c9  Pt100ReadCh2RtdSts                   
000061d3  Pt100ReadCh2TripLevel                
000063e9  Pt100ReadCh2TripSts                  
00006149  Pt100ReadCh3                         
00006209  Pt100ReadCh3AlarmLevel               
000063f9  Pt100ReadCh3AlarmSts                 
00006499  Pt100ReadCh3CNC                      
00006459  Pt100ReadCh3Error                    
000064d9  Pt100ReadCh3RtdSts                   
0000622d  Pt100ReadCh3TripLevel                
00006409  Pt100ReadCh3TripSts                  
0000614f  Pt100ReadCh4                         
00006275  Pt100ReadCh4AlarmLevel               
00006419  Pt100ReadCh4AlarmSts                 
000064a9  Pt100ReadCh4CNC                      
00006469  Pt100ReadCh4Error                    
000064e9  Pt100ReadCh4RtdSts                   
000062b5  Pt100ReadCh4TripLevel                
00006429  Pt100ReadCh4TripSts                  
00005e1d  Pt100ReadChannel                     
00006155  Pt100SetCh1AlarmLevel                
00006189  Pt100SetCh1Delay                     
0000616f  Pt100SetCh1TripLevel                 
000061a5  Pt100SetCh2AlarmLevel                
000061d9  Pt100SetCh2Delay                     
000061bf  Pt100SetCh2TripLevel                 
000061f5  Pt100SetCh3AlarmLevel                
00006233  Pt100SetCh3Delay                     
0000620f  Pt100SetCh3TripLevel                 
00006259  Pt100SetCh4AlarmLevel                
000062d9  Pt100SetCh4Delay                     
00006299  Pt100SetCh4TripLevel                 
00004961  Q1ModuleDriver1ErrorItlkRead         
0000495b  Q1ModuleDriver1ErrorRead             
0000496d  Q1ModuleDriver2ErrorItlkRead         
00004967  Q1ModuleDriver2ErrorRead             
00004973  Q1ModuleExternalItlkRead             
00004981  Q1ModuleExternalItlkStsRead          
000048cd  Q1ModuleIoutA1AlarmStsRead           
000048d3  Q1ModuleIoutA1ItlkStsRead            
000048c5  Q1ModuleIoutA1Read                   
000048e1  Q1ModuleIoutA2AlarmStsRead           
000048e7  Q1ModuleIoutA2ItlkStsRead            
000048d9  Q1ModuleIoutA2Read                   
00004987  Q1ModuleLeakageCurrentRead           
0000498d  Q1ModuleLeakageCurrentStsRead        
00004993  Q1ModuleRackRead                     
00004999  Q1ModuleRackStsRead                  
00004955  Q1ModuleRelayRead                    
00004937  Q1ModuleTempHeatSinkAlarmStsRead     
0000493d  Q1ModuleTempHeatSinkItlkStsRead      
00004931  Q1ModuleTempHeatSinkRead             
000048f3  Q1ModuleTempIGBT1AlarmStsRead        
000048ff  Q1ModuleTempIGBT1HwrItlkRead         
00004905  Q1ModuleTempIGBT1HwrItlkStsRead      
000048f9  Q1ModuleTempIGBT1ItlkStsRead         
000048ed  Q1ModuleTempIGBT1Read                
00004911  Q1ModuleTempIGBT2AlarmStsRead        
0000491d  Q1ModuleTempIGBT2HwrItlkRead         
00004923  Q1ModuleTempIGBT2HwrItlkStsRead      
00004917  Q1ModuleTempIGBT2ItlkStsRead         
0000490b  Q1ModuleTempIGBT2Read                
00004949  Q1ModuleTempLAlarmStsRead            
0000494f  Q1ModuleTempLItlkStsRead             
00004943  Q1ModuleTempLRead                    
000048b9  Q1ModuleVinAlarmStsRead              
000048bf  Q1ModuleVinItlkStsRead               
000048b1  Q1ModuleVinRead                      
0000489d  Q1ModuleVoutAlarmStsRead             
000048a3  Q1ModuleVoutItlkStsRead              
00004895  Q1ModuleVoutRead                     
000049a7  Q4ModuleIoutAlarmStsRead             
000049ad  Q4ModuleIoutItlkStsRead              
0000499f  Q4ModuleIoutRead                     
000049b9  Q4ModuleTempIGBT1AlarmStsRead        
000049bf  Q4ModuleTempIGBT1ItlkStsRead         
000049b3  Q4ModuleTempIGBT1Read                
000049cb  Q4ModuleTempIGBT2AlarmStsRead        
000049d1  Q4ModuleTempIGBT2ItlkStsRead         
000049c5  Q4ModuleTempIGBT2Read                
200007e8  RTD_Resistance                       
00004aed  RectifierAcOverCurrentRead           
00004af9  RectifierAcOverCurrentStsRead        
00004ae1  RectifierAcPhaseFaultRead            
00004ae7  RectifierAcPhaseFaultStsRead         
00004aff  RectifierAcTransformerOverTempRead   
00004b05  RectifierAcTransformerOverTempStsRead
000049df  RectifierIoutRectf1AlarmStsRead      
000049e5  RectifierIoutRectf1ItlkStsRead       
000049d7  RectifierIoutRectf1Read              
000049f3  RectifierIoutRectf2AlarmStsRead      
000049f9  RectifierIoutRectf2ItlkStsRead       
000049eb  RectifierIoutRectf2Read              
00004a3d  RectifierLeakageCurrentAlarmStsread  
00004a49  RectifierLeakageCurrentItlkStsRead   
00004a35  RectifierLeakageCurrentRead          
00004a5d  RectifierTempHeatSinkAlarmStsRead    
00004a63  RectifierTempHeatSinkItlkStsRead     
00004a4f  RectifierTempHeatSinkRead            
00004abb  RectifierTempL1AlarmStsRead          
00004ac9  RectifierTempL1ItlkStsRead           
00004ab5  RectifierTempL1Read                  
00004ad5  RectifierTempL2AlarmStsRead          
00004adb  RectifierTempL2ItlkStsRead           
00004acf  RectifierTempL2Read                  
00004a8d  RectifierTempModule1AlarmStsRead     
00004a99  RectifierTempModule1ItlkStsRead      
00004a81  RectifierTempModule1Read             
00004aa5  RectifierTempModule2AlarmStsRead     
00004aab  RectifierTempModule2ItlkStsRead      
00004a9f  RectifierTempModule2Read             
00004a6f  RectifierTempWaterAlarmStsRead       
00004a75  RectifierTempWaterItlkStsRead        
00004a69  RectifierTempWaterRead               
00004a07  RectifierVoutRectf1AlarmStsRead      
00004a11  RectifierVoutRectf1ItlkStsRead       
000049ff  RectifierVoutRectf1Read              
00004a29  RectifierVoutRectf2AlarmStsRead      
00004a2f  RectifierVoutRectf2ItlkStsRead       
00004a17  RectifierVoutRectf2Read              
00004b0b  RectifierWaterFluxInterlockRead      
00004b15  RectifierWaterFluxInterlockStsRead   
200007e4  Reference_Resistor                   
00006db1  RelativeHumidityRead                 
00006d8f  RelativeHumidityStartConersion       
000080e1  ReleAuxSts                           
000080d5  ReleAuxTurnOff                       
000080c9  ReleAuxTurnOn                        
00008105  ReleItlkSts                          
000080f9  ReleItlkTurnOff                      
000080ed  ReleItlkTurnOn                       
0000990f  ResetISR                             
00007017  RhAlarmLimitSet                      
00007063  RhAlarmStatusRead                    
00006f99  RhRead                               
200007c4  RhSample                             
200007c5  RhSampleRead                         
00007075  RhTempClearAlarmTrip                 
00006f5f  RhTempSenseInit                      
00007041  RhTripLimitSet                       
00007069  RhTripStatusRead                     
00006c65  RunToggle                            
UNDEFED   SHT$$INIT_ARRAY$$Base                
UNDEFED   SHT$$INIT_ARRAY$$Limit               
000094d1  SSIConfigSetExpClk                   
000098f7  SSIDataGet                           
0000989d  SSIDataGetNonBlocking                
00009939  SSIDataPut                           
00009943  SSIEnable                            
2000082e  SecCount                             
200007b0  Second                               
00004eb9  SendCan                              
200007c9  SendCanMessFast                      
200007c8  SendCanMessSlow                      
00004d55  SendCanSchedule                      
000022ad  SetNewCalibrationStatus              
00007a3d  SysCtlClockFreqSet                   
000088dd  SysCtlClockGet                       
000095ed  SysCtlPeripheralDisable              
00009621  SysCtlPeripheralEnable               
00009549  SysCtlPeripheralReady                
00009289  SysCtlPeripheralReset                
0000700b  TempAlarmStatusRead                  
00006fc7  TempBoardAlarmLimitSet               
00006fe9  TempBoardTripLimitSet                
200007c0  TempCh1Read                          
200007c1  TempCh2Read                          
200007c2  TempCh3Read                          
200007c3  TempCh4Read                          
00007011  TempTripStatusRead                   
000090d5  TimerConfigure                       
000098cf  TimerEnable                          
0000998d  TimerIntClear                        
0000996d  TimerIntEnable                       
000097eb  TimerIntRegister                     
000098af  TimerLoadSet                         
000022d5  VoltageCh1AlarmLevelSet              
00002385  VoltageCh1AlarmStatusRead            
0000049b  VoltageCh1Init                       
00001fab  VoltageCh1Read                       
00000f0d  VoltageCh1Sample                     
000022f5  VoltageCh1TripLevelSet               
00002395  VoltageCh1TripStatusRead             
00002311  VoltageCh2AlarmLevelSet              
000023ad  VoltageCh2AlarmStatusRead            
0000053d  VoltageCh2Init                       
00001fb3  VoltageCh2Read                       
000010c9  VoltageCh2Sample                     
00002323  VoltageCh2TripLevelSet               
000023bd  VoltageCh2TripStatusRead             
00002335  VoltageCh3AlarmLevelSet              
000023d5  VoltageCh3AlarmStatusRead            
000005c5  VoltageCh3Init                       
00001fbb  VoltageCh3Read                       
00001201  VoltageCh3Sample                     
00002347  VoltageCh3TripLevelSet               
000023e5  VoltageCh3TripStatusRead             
00002359  VoltageCh4AlarmLevelSet              
000023f5  VoltageCh4AlarmStatusRead            
00000681  VoltageCh4Init                       
00001fcd  VoltageCh4Read                       
0000133d  VoltageCh4Sample                     
0000236b  VoltageCh4TripLevelSet               
0000240d  VoltageCh4TripStatusRead             
200007bc  _8Hz                                 
200007ac  __STACK_END                          
00000200  __STACK_SIZE                         
200007ac  __STACK_TOP                          
00009eb0  __TI_CINIT_Base                      
00009ec8  __TI_CINIT_Limit                     
00009e90  __TI_Handler_Table_Base              
00009e9c  __TI_Handler_Table_Limit             
00008eb9  __TI_auto_init                       
20000810  __TI_cleanup_ptr                     
0000906d  __TI_decompress_lzss                 
000098dd  __TI_decompress_none                 
20000814  __TI_dtors_ptr                       
20000818  __TI_enable_exit_profile_output      
ffffffff  __TI_pprof_out_hndl                  
ffffffff  __TI_prof_data_size                  
ffffffff  __TI_prof_data_start                 
00000000  __TI_static_base__                   
00009903  __TI_zero_init                       
00008d3f  __aeabi_cdrcmple                     
00008f29  __aeabi_d2f                          
00007c47  __aeabi_dadd                         
00008673  __aeabi_ddiv                         
00008afb  __aeabi_dmul                         
00007c3d  __aeabi_dsub                         
00009581  __aeabi_f2d                          
00008e3f  __aeabi_memclr                       
00008e3f  __aeabi_memclr4                      
00008e3f  __aeabi_memclr8                      
00008ca3  __aeabi_memcpy                       
00008ca3  __aeabi_memcpy4                      
00008ca3  __aeabi_memcpy8                      
00008e41  __aeabi_memset                       
00008e41  __aeabi_memset4                      
00008e41  __aeabi_memset8                      
ffffffff  __binit__                            
ffffffff  __c_args__                           
00007df3  __mpu_init                           
200005ac  __stack                              
00009805  _args_main                           
00009191  _c_int00                             
2000081c  _lock                                
0000982b  _nop                                 
00009823  _register_lock                       
0000981d  _register_unlock                     
000088db  _system_post_cinit                   
00009991  _system_pre_init                     
20000820  _unlock                              
000091e9  abort                                
ffffffff  binit                                
00004d09  can_handler                          
00008c67  clear_pin                            
00009371  copy_in                              
200007ac  count                                
00007df5  delay_ms                             
2000083c  errno                                
000091f1  exit                                 
2000082c  g_bErrFlag                           
2000082d  g_bRXFlag                            
20000000  g_pfnRAMVectors                      
00000000  g_pfnVectors                         
00005bb1  get_Temp                             
00007efd  main                                 
20000840  main_func_sp                         
00008ca3  memcpy                               
00008e47  memset                               
000083f9  pinout_config                        
20000594  pui8MsgData                          
2000059c  pui8MsgDataTx                        
00008c7d  read_pin                             
000082e7  read_spi_byte                        
00008333  read_spi_data                        
20000530  sCANMessage                          
20000544  sCANMessageTx                        
000003a7  sample_adc                           
00008c0b  set_gpio_as_input                    
00008bf7  set_gpio_as_output                   
00008c51  set_pin                              
0000828d  spi_init                             
0000811d  sqrt                                 
0000811d  sqrtl                                
000074dd  task_100_us                          
00007589  task_1_ms                            
00007eb7  timer_100us_init                     
00007e73  timer_1ms_init                       
00008c1f  toggle_pin                           
200007b4  uSecond                              
200007b5  uSecondOld                           
000083a7  write_spi_byte                       


GLOBAL SYMBOLS: SORTED BY Symbol Address 

address   name                                 
-------   ----                                 
00000000  __TI_static_base__                   
00000000  g_pfnVectors                         
00000200  __STACK_SIZE                         
00000209  AdcsInit                             
000003a7  sample_adc                           
000003fb  ConfigVoltCh1AsNtc                   
0000040f  ConfigVoltCh2AsNtc                   
00000423  ConfigVoltCh3AsNtc                   
00000437  ConfigVoltCh4AsNtc                   
0000044b  ConfigPolVoltCh1                     
0000045f  ConfigPolVoltCh2                     
00000473  ConfigPolVoltCh3                     
00000487  ConfigPolVoltCh4                     
0000049b  VoltageCh1Init                       
0000053d  VoltageCh2Init                       
000005c5  VoltageCh3Init                       
00000681  VoltageCh4Init                       
00000705  ConfigPolCurrCh1                     
00000719  ConfigPolCurrCh2                     
00000731  ConfigPolCurrCh3                     
00000745  ConfigPolCurrCh4                     
0000075d  CurrentRange                         
000007f1  CurrentCh1Init                       
000008d1  CurrentCh2Init                       
000009a9  CurrentCh3Init                       
00000a69  CurrentCh4Init                       
00000b21  LvCurrentCh1Init                     
00000bfd  LvCurrentCh2Init                     
00000cc5  LvCurrentCh3Init                     
00000d85  DriverVoltageInit                    
00000e09  DriverCurrentInit                    
00000f0d  VoltageCh1Sample                     
000010c9  VoltageCh2Sample                     
00001201  VoltageCh3Sample                     
0000133d  VoltageCh4Sample                     
00001465  DriverVoltageSample                  
00001525  Driver1CurrentSample                 
000015f1  Driver2CurrentSample                 
0000169d  DriverVoltageRead                    
000016b7  Driver1CurrentRead                   
000016dd  Driver2CurrentRead                   
000016f9  DriverVoltageAlarmStatusRead         
00001705  DriverVolatgeTripStatusRead          
00001711  Driver1CurrentAlarmStatusRead        
00001717  Driver1CurrentTripStatusRead         
0000171d  Driver2CurrentAlarmStatusRead        
00001723  Driver2CurrentTripStatusRead         
00001759  CurrentCh1Sample                     
00001891  CurrentCh2Sample                     
000019c1  CurrentCh3Sample                     
00001afd  CurrentCh4Sample                     
00001c35  LvCurrentCh1Sample                   
00001d6d  LvCurrentCh2Sample                   
00001ea9  LvCurrentCh3Sample                   
00001fab  VoltageCh1Read                       
00001fb3  VoltageCh2Read                       
00001fbb  VoltageCh3Read                       
00001fcd  VoltageCh4Read                       
00001fd5  CurrentCh1Read                       
00001fdd  CurrentCh2Read                       
00001fe9  CurrentCh3Read                       
00001ff5  CurrentCh4Read                       
00001ffd  LvCurrentCh1Read                     
00002005  LvCurrentCh2Read                     
0000200d  LvCurrentCh3Read                     
00002089  AdcOffsetCalibration                 
000022ad  SetNewCalibrationStatus              
000022b5  ClearNewCalibrationStatus            
000022c1  CalibrationRequestStatus             
000022d5  VoltageCh1AlarmLevelSet              
000022f5  VoltageCh1TripLevelSet               
00002311  VoltageCh2AlarmLevelSet              
00002323  VoltageCh2TripLevelSet               
00002335  VoltageCh3AlarmLevelSet              
00002347  VoltageCh3TripLevelSet               
00002359  VoltageCh4AlarmLevelSet              
0000236b  VoltageCh4TripLevelSet               
00002385  VoltageCh1AlarmStatusRead            
00002395  VoltageCh1TripStatusRead             
000023ad  VoltageCh2AlarmStatusRead            
000023bd  VoltageCh2TripStatusRead             
000023d5  VoltageCh3AlarmStatusRead            
000023e5  VoltageCh3TripStatusRead             
000023f5  VoltageCh4AlarmStatusRead            
0000240d  VoltageCh4TripStatusRead             
0000241d  CurrentCh1AlarmLevelSet              
00002439  CurrentCh1TripLevelSet               
0000244b  CurrentCh2AlarmLevelSet              
0000245d  CurrentCh2TripLevelSet               
00002479  CurrentCh3AlarmLevelSet              
0000248b  CurrentCh3TripLevelSet               
0000249d  CurrentCh4AlarmLevelSet              
000024b9  CurrentCh4TripLevelSet               
000024cb  CurrentCh1AlarmStatusRead            
000024e5  CurrentCh1TripStatusRead             
000024f5  CurrentCh2AlarmStatusRead            
0000250d  CurrentCh2TripStatusRead             
0000251d  CurrentCh3AlarmStatusRead            
0000252d  CurrentCh3TripStatusRead             
00002545  CurrentCh4AlarmStatusRead            
00002555  CurrentCh4TripStatusRead             
00002569  LvCurrentCh1AlarmLevelSet            
0000257b  LvCurrentCh1TripLevelSet             
00002591  LvCurrentCh2AlarmLevelSet            
000025a3  LvCurrentCh2TripLevelSet             
000025b9  LvCurrentCh3AlarmLevelSet            
000025d1  LvCurrentCh3TripLevelSet             
000025ed  LvCurrentCh1AlarmStatusRead          
00002601  LvCurrentCh1TripStatusRead           
00002619  LvCurrentCh2AlarmStatusRead          
00002631  LvCurrentCh2TripStatusRead           
00002645  LvCurrentCh3AlarmStatusRead          
0000265d  LvCurrentCh3TripStatusRead           
00002691  AdcClearAlarmTrip                    
000027e9  AppConfiguration                     
00003101  InterlockClear                       
00003109  InterlockSet                         
000031c1  InterlockClearCheck                  
000033bd  InterlockRead                        
00003401  AppInterlock                         
0000344d  AlarmSet                             
00003455  AlarmClear                           
0000345d  AlarmRead                            
00003463  AppAlarm                             
00003549  InterlockAppCheck                    
000038dd  AlarmAppCheck                        
00003b4d  LedIndicationStatus                  
00003f95  Application                          
0000488f  AppType                              
00004895  Q1ModuleVoutRead                     
0000489d  Q1ModuleVoutAlarmStsRead             
000048a3  Q1ModuleVoutItlkStsRead              
000048b1  Q1ModuleVinRead                      
000048b9  Q1ModuleVinAlarmStsRead              
000048bf  Q1ModuleVinItlkStsRead               
000048c5  Q1ModuleIoutA1Read                   
000048cd  Q1ModuleIoutA1AlarmStsRead           
000048d3  Q1ModuleIoutA1ItlkStsRead            
000048d9  Q1ModuleIoutA2Read                   
000048e1  Q1ModuleIoutA2AlarmStsRead           
000048e7  Q1ModuleIoutA2ItlkStsRead            
000048ed  Q1ModuleTempIGBT1Read                
000048f3  Q1ModuleTempIGBT1AlarmStsRead        
000048f9  Q1ModuleTempIGBT1ItlkStsRead         
000048ff  Q1ModuleTempIGBT1HwrItlkRead         
00004905  Q1ModuleTempIGBT1HwrItlkStsRead      
0000490b  Q1ModuleTempIGBT2Read                
00004911  Q1ModuleTempIGBT2AlarmStsRead        
00004917  Q1ModuleTempIGBT2ItlkStsRead         
0000491d  Q1ModuleTempIGBT2HwrItlkRead         
00004923  Q1ModuleTempIGBT2HwrItlkStsRead      
00004931  Q1ModuleTempHeatSinkRead             
00004937  Q1ModuleTempHeatSinkAlarmStsRead     
0000493d  Q1ModuleTempHeatSinkItlkStsRead      
00004943  Q1ModuleTempLRead                    
00004949  Q1ModuleTempLAlarmStsRead            
0000494f  Q1ModuleTempLItlkStsRead             
00004955  Q1ModuleRelayRead                    
0000495b  Q1ModuleDriver1ErrorRead             
00004961  Q1ModuleDriver1ErrorItlkRead         
00004967  Q1ModuleDriver2ErrorRead             
0000496d  Q1ModuleDriver2ErrorItlkRead         
00004973  Q1ModuleExternalItlkRead             
00004981  Q1ModuleExternalItlkStsRead          
00004987  Q1ModuleLeakageCurrentRead           
0000498d  Q1ModuleLeakageCurrentStsRead        
00004993  Q1ModuleRackRead                     
00004999  Q1ModuleRackStsRead                  
0000499f  Q4ModuleIoutRead                     
000049a7  Q4ModuleIoutAlarmStsRead             
000049ad  Q4ModuleIoutItlkStsRead              
000049b3  Q4ModuleTempIGBT1Read                
000049b9  Q4ModuleTempIGBT1AlarmStsRead        
000049bf  Q4ModuleTempIGBT1ItlkStsRead         
000049c5  Q4ModuleTempIGBT2Read                
000049cb  Q4ModuleTempIGBT2AlarmStsRead        
000049d1  Q4ModuleTempIGBT2ItlkStsRead         
000049d7  RectifierIoutRectf1Read              
000049df  RectifierIoutRectf1AlarmStsRead      
000049e5  RectifierIoutRectf1ItlkStsRead       
000049eb  RectifierIoutRectf2Read              
000049f3  RectifierIoutRectf2AlarmStsRead      
000049f9  RectifierIoutRectf2ItlkStsRead       
000049ff  RectifierVoutRectf1Read              
00004a07  RectifierVoutRectf1AlarmStsRead      
00004a11  RectifierVoutRectf1ItlkStsRead       
00004a17  RectifierVoutRectf2Read              
00004a29  RectifierVoutRectf2AlarmStsRead      
00004a2f  RectifierVoutRectf2ItlkStsRead       
00004a35  RectifierLeakageCurrentRead          
00004a3d  RectifierLeakageCurrentAlarmStsread  
00004a49  RectifierLeakageCurrentItlkStsRead   
00004a4f  RectifierTempHeatSinkRead            
00004a5d  RectifierTempHeatSinkAlarmStsRead    
00004a63  RectifierTempHeatSinkItlkStsRead     
00004a69  RectifierTempWaterRead               
00004a6f  RectifierTempWaterAlarmStsRead       
00004a75  RectifierTempWaterItlkStsRead        
00004a81  RectifierTempModule1Read             
00004a8d  RectifierTempModule1AlarmStsRead     
00004a99  RectifierTempModule1ItlkStsRead      
00004a9f  RectifierTempModule2Read             
00004aa5  RectifierTempModule2AlarmStsRead     
00004aab  RectifierTempModule2ItlkStsRead      
00004ab5  RectifierTempL1Read                  
00004abb  RectifierTempL1AlarmStsRead          
00004ac9  RectifierTempL1ItlkStsRead           
00004acf  RectifierTempL2Read                  
00004ad5  RectifierTempL2AlarmStsRead          
00004adb  RectifierTempL2ItlkStsRead           
00004ae1  RectifierAcPhaseFaultRead            
00004ae7  RectifierAcPhaseFaultStsRead         
00004aed  RectifierAcOverCurrentRead           
00004af9  RectifierAcOverCurrentStsRead        
00004aff  RectifierAcTransformerOverTempRead   
00004b05  RectifierAcTransformerOverTempStsRead
00004b0b  RectifierWaterFluxInterlockRead      
00004b15  RectifierWaterFluxInterlockStsRead   
00004b21  InputModuleIinRead                   
00004b29  InputModuleIinAlarmStsRead           
00004b35  InputModuleIinItlkStsRead            
00004b3b  InputModuleVdcLinkRead               
00004b43  InputModuleVdcLinkAlarmStsRead       
00004b49  InputModuleVdcLinkItlkStsRead        
00004b4f  InputModuleTempHeatsinkRead          
00004b55  InputModuleTempHeatsinkAlarmStsRead  
00004b5b  InputModuleTempHeatsinkItlkStsRead   
00004b61  InputModuleTempLRead                 
00004b67  InputModuleTempLAlarmStsRead         
00004b6d  InputModuleTempLItlkStsRead          
00004d09  can_handler                          
00004d55  SendCanSchedule                      
00004eb9  SendCan                              
00005a73  CheckCan                             
00005a9d  InitCan                              
00005b51  CanIdRead                            
00005bb1  get_Temp                             
00005d25  Pt100Channel                         
00005d8b  Pt100InitChannel                     
00005e1d  Pt100ReadChannel                     
00005ecb  Pt100ChannelClear                    
00005f05  Pt100Init                            
000060c1  Pt100Ch1Sample                       
000060d9  Pt100Ch2Sample                       
000060e9  Pt100Ch3Sample                       
000060f3  Pt100Ch4Sample                       
000060fd  Pt100Ch1Enable                       
00006105  Pt100Ch1Disable                      
0000610d  Pt100Ch2Enable                       
00006115  Pt100Ch2Disable                      
0000611d  Pt100Ch3Enable                       
00006125  Pt100Ch3Disable                      
0000612d  Pt100Ch4Enable                       
00006135  Pt100Ch4Disable                      
0000613d  Pt100ReadCh1                         
00006143  Pt100ReadCh2                         
00006149  Pt100ReadCh3                         
0000614f  Pt100ReadCh4                         
00006155  Pt100SetCh1AlarmLevel                
00006169  Pt100ReadCh1AlarmLevel               
0000616f  Pt100SetCh1TripLevel                 
00006183  Pt100ReadCh1TripLevel                
00006189  Pt100SetCh1Delay                     
000061a5  Pt100SetCh2AlarmLevel                
000061b9  Pt100ReadCh2AlarmLevel               
000061bf  Pt100SetCh2TripLevel                 
000061d3  Pt100ReadCh2TripLevel                
000061d9  Pt100SetCh2Delay                     
000061f5  Pt100SetCh3AlarmLevel                
00006209  Pt100ReadCh3AlarmLevel               
0000620f  Pt100SetCh3TripLevel                 
0000622d  Pt100ReadCh3TripLevel                
00006233  Pt100SetCh3Delay                     
00006259  Pt100SetCh4AlarmLevel                
00006275  Pt100ReadCh4AlarmLevel               
00006299  Pt100SetCh4TripLevel                 
000062b5  Pt100ReadCh4TripLevel                
000062d9  Pt100SetCh4Delay                     
0000632d  Pt100ClearAlarmTrip                  
00006379  Pt100ReadCh1AlarmSts                 
0000639d  Pt100ReadCh1TripSts                  
000063cd  Pt100ReadCh2AlarmSts                 
000063e9  Pt100ReadCh2TripSts                  
000063f9  Pt100ReadCh3AlarmSts                 
00006409  Pt100ReadCh3TripSts                  
00006419  Pt100ReadCh4AlarmSts                 
00006429  Pt100ReadCh4TripSts                  
00006439  Pt100ReadCh1Error                    
00006449  Pt100ReadCh2Error                    
00006459  Pt100ReadCh3Error                    
00006469  Pt100ReadCh4Error                    
00006479  Pt100ReadCh1CNC                      
00006489  Pt100ReadCh2CNC                      
00006499  Pt100ReadCh3CNC                      
000064a9  Pt100ReadCh4CNC                      
000064b9  Pt100ReadCh1RtdSts                   
000064c9  Pt100ReadCh2RtdSts                   
000064d9  Pt100ReadCh3RtdSts                   
000064e9  Pt100ReadCh4RtdSts                   
000064f9  Pt100Ch1Clear                        
00006503  Pt100Ch2Clear                        
0000650d  Pt100Ch3Clear                        
00006517  Pt100Ch4Clear                        
00006521  Pt100Ch1Reset                        
0000652b  Pt100Ch2Reset                        
00006535  Pt100Ch3Reset                        
0000653f  Pt100Ch4Reset                        
000065b9  LedsInit                             
0000667d  LedPong                              
00006823  LedVU                                
0000694d  LedBarRunning                        
000069f9  LedBarBlink                          
00006aa9  LedBarOff                            
00006afd  Led1TurnOn                           
00006b09  Led1TurnOff                          
00006b15  Led1Toggle                           
00006b21  Led2TurnOn                           
00006b2d  Led2TurnOff                          
00006b39  Led2Toggle                           
00006b45  Led3TurnOn                           
00006b51  Led3TurnOff                          
00006b5d  Led3Toggle                           
00006b69  Led4TurnOn                           
00006b75  Led4TurnOff                          
00006b81  Led4Toggle                           
00006b8d  Led5TurnOn                           
00006b99  Led5TurnOff                          
00006ba5  Led5Toggle                           
00006bb1  Led6TurnOn                           
00006bbd  Led6TurnOff                          
00006bc9  Led6Toggle                           
00006bd5  Led7TurnOn                           
00006be1  Led7TurnOff                          
00006bed  Led7Toggle                           
00006bf9  Led8TurnOn                           
00006c05  Led8TurnOff                          
00006c11  Led8Toggle                           
00006c1d  Led9TurnOn                           
00006c29  Led9TurnOff                          
00006c35  Led9Toggle                           
00006c41  Led10TurnOn                          
00006c4d  Led10TurnOff                         
00006c59  Led10Toggle                          
00006c65  RunToggle                            
00006c85  BoardTemperatureStartConersion       
00006ca7  BoardTemperatureStartRead            
00006d8f  RelativeHumidityStartConersion       
00006db1  RelativeHumidityRead                 
00006f5f  RhTempSenseInit                      
00006f99  RhRead                               
00006fb5  BoardTempRead                        
00006fc7  TempBoardAlarmLimitSet               
00006fe9  TempBoardTripLimitSet                
0000700b  TempAlarmStatusRead                  
00007011  TempTripStatusRead                   
00007017  RhAlarmLimitSet                      
00007041  RhTripLimitSet                       
00007063  RhAlarmStatusRead                    
00007069  RhTripStatusRead                     
00007075  RhTempClearAlarmTrip                 
000070f9  InitI2C5                             
0000714d  I2C5Send                             
00007231  I2C5Receive                          
00007287  InitI2C2                             
000072db  I2C2Send                             
000073d9  I2C2Receive                          
00007489  ErrorCheckHandle                     
000074dd  task_100_us                          
00007589  task_1_ms                            
0000766b  BoardTask                            
0000779d  BoardAddressRead                     
0000780f  InputInit                            
000078cb  Gpdi1Read                            
000078d7  Gpdi2Read                            
000078e3  Gpdi3Read                            
000078ef  Gpdi4Read                            
000078fb  Gpdi5Read                            
00007907  Gpdi6Read                            
00007913  Gpdi7Read                            
0000791f  Gpdi8Read                            
0000792b  Gpdi9Read                            
00007937  Gpdi10Read                           
00007943  Gpdi11Read                           
0000794f  Gpdi12Read                           
0000795b  Driver1ErrEnable                     
00007963  Driver1ErrDisable                    
0000796b  Driver2ErrEnable                     
00007973  Driver2ErrDisable                    
0000797b  Driver1TopErrRead                    
00007991  Driver1BotErrRead                    
000079a7  Driver1OverTempRead                  
000079cb  Driver2TopErrRead                    
000079e1  Driver2BotErrRead                    
000079f7  Driver2OverTempRead                  
00007a3d  SysCtlClockFreqSet                   
00007c3d  __aeabi_dsub                         
00007c47  __aeabi_dadd                         
00007df3  __mpu_init                           
00007df5  delay_ms                             
00007e73  timer_1ms_init                       
00007eb7  timer_100us_init                     
00007efd  main                                 
00007f95  OutputInit                           
00008039  Gpdo1TurnOn                          
00008045  Gpdo1TurnOff                         
00008051  Gpdo1Sts                             
0000805d  Gpdo2TurnOn                          
00008069  Gpdo2TurnOff                         
00008075  Gpdo2Sts                             
00008081  Gpdo3TurnOn                          
0000808d  Gpdo3TurnOff                         
00008099  Gpdo3Sts                             
000080a5  Gpdo4TurnOn                          
000080b1  Gpdo4TurnOff                         
000080bd  Gpdo4Sts                             
000080c9  ReleAuxTurnOn                        
000080d5  ReleAuxTurnOff                       
000080e1  ReleAuxSts                           
000080ed  ReleItlkTurnOn                       
000080f9  ReleItlkTurnOff                      
00008105  ReleItlkSts                          
0000811d  sqrt                                 
0000811d  sqrtl                                
0000828d  spi_init                             
000082e7  read_spi_byte                        
00008333  read_spi_data                        
000083a7  write_spi_byte                       
000083f9  pinout_config                        
0000853d  CANMessageSet                        
00008673  __aeabi_ddiv                         
000087a9  GPIOPadConfigSet                     
000088db  _system_post_cinit                   
000088dd  SysCtlClockGet                       
000089ed  CANMessageGet                        
00008afb  __aeabi_dmul                         
00008bf7  set_gpio_as_output                   
00008c0b  set_gpio_as_input                    
00008c1f  toggle_pin                           
00008c51  set_pin                              
00008c67  clear_pin                            
00008c7d  read_pin                             
00008ca3  __aeabi_memcpy                       
00008ca3  __aeabi_memcpy4                      
00008ca3  __aeabi_memcpy8                      
00008ca3  memcpy                               
00008d3f  __aeabi_cdrcmple                     
00008dc5  ADCSequenceStepConfigure             
00008e3f  __aeabi_memclr                       
00008e3f  __aeabi_memclr4                      
00008e3f  __aeabi_memclr8                      
00008e41  __aeabi_memset                       
00008e41  __aeabi_memset4                      
00008e41  __aeabi_memset8                      
00008e47  memset                               
00008eb9  __TI_auto_init                       
00008f29  __aeabi_d2f                          
00008f99  CANBitRateSet                        
00009005  IntEnable                            
0000906d  __TI_decompress_lzss                 
000090d5  TimerConfigure                       
00009191  _c_int00                             
000091e5  C$$EXIT                              
000091e9  abort                                
000091f1  exit                                 
00009239  ADCSequenceConfigure                 
00009289  SysCtlPeripheralReset                
000092d9  I2CMasterInitExpClk                  
00009371  copy_in                              
000093bd  GPIOPinConfigure                     
0000944d  I2CMasterGlitchFilterConfigSet       
00009491  CANStatusGet                         
000094d1  SSIConfigSetExpClk                   
0000950d  CANInit                              
00009549  SysCtlPeripheralReady                
00009581  __aeabi_f2d                          
000095b9  IntRegister                          
000095ed  SysCtlPeripheralDisable              
00009621  SysCtlPeripheralEnable               
00009655  ADCIntStatus                         
00009683  GPIODirModeSet                       
000096d9  IntPrioritySet                       
00009721  CANIntClear                          
00009743  CANIntStatus                         
00009785  ADCSequenceDataGet                   
000097a3  ADCProcessorTrigger                  
000097bb  CANIntRegister                       
000097d3  GPIOPinTypeGPIOOutput                
000097eb  TimerIntRegister                     
00009805  _args_main                           
0000981d  _register_unlock                     
00009823  _register_lock                       
0000982b  _nop                                 
00009831  GPIOPinTypeADC                       
00009843  GPIOPinTypeCAN                       
00009855  GPIOPinTypeGPIOInput                 
00009867  GPIOPinTypeI2C                       
00009879  GPIOPinTypeI2CSCL                    
0000988b  GPIOPinTypeSSI                       
0000989d  SSIDataGetNonBlocking                
000098af  TimerLoadSet                         
000098c1  ADCSequenceEnable                    
000098cf  TimerEnable                          
000098dd  __TI_decompress_none                 
000098eb  ADCReferenceSet                      
000098f7  SSIDataGet                           
00009903  __TI_zero_init                       
0000990f  ResetISR                             
0000991b  ADCIntClear                          
00009925  CANEnable                            
0000992f  I2CMasterEnable                      
00009939  SSIDataPut                           
00009943  SSIEnable                            
0000994d  CANIntEnable                         
00009955  I2CMasterBusBusy                     
0000995d  I2CMasterBusy                        
00009965  I2CMasterSlaveAddrSet                
0000996d  TimerIntEnable                       
00009975  GPIOPinRead                          
0000997b  GPIOPinWrite                         
00009981  I2CMasterControl                     
00009985  I2CMasterDataGet                     
00009989  I2CMasterDataPut                     
0000998d  TimerIntClear                        
00009991  _system_pre_init                     
00009e90  __TI_Handler_Table_Base              
00009e9c  __TI_Handler_Table_Limit             
00009eb0  __TI_CINIT_Base                      
00009ec8  __TI_CINIT_Limit                     
20000000  g_pfnRAMVectors                      
20000530  sCANMessage                          
20000544  sCANMessageTx                        
20000594  pui8MsgData                          
2000059c  pui8MsgDataTx                        
200005ac  __stack                              
200007ac  __STACK_END                          
200007ac  __STACK_TOP                          
200007ac  count                                
200007b0  Second                               
200007b4  uSecond                              
200007b5  uSecondOld                           
200007b6  CanFast                              
200007b8  CanSlow                              
200007bc  _8Hz                                 
200007c0  TempCh1Read                          
200007c1  TempCh2Read                          
200007c2  TempCh3Read                          
200007c3  TempCh4Read                          
200007c4  RhSample                             
200007c5  RhSampleRead                         
200007c6  BoardTempSample                      
200007c7  BoardTempSampleRead                  
200007c8  SendCanMessSlow                      
200007c9  SendCanMessFast                      
200007ca  ErrorCheck                           
200007cb  LedUpdate                            
200007cc  PrintDiagnose                        
200007cd  AlarmCheckTask                       
200007ce  DriverVoltReadTask                   
200007cf  Driver1CurrtReadTask                 
200007d0  Driver2CurrtReadTask                 
200007e4  Reference_Resistor                   
200007e8  RTD_Resistance                       
20000810  __TI_cleanup_ptr                     
20000814  __TI_dtors_ptr                       
20000818  __TI_enable_exit_profile_output      
2000081c  _lock                                
20000820  _unlock                              
2000082c  g_bErrFlag                           
2000082d  g_bRXFlag                            
2000082e  SecCount                             
20000830  CanId                                
20000832  CanScheduleVar                       
2000083c  errno                                
20000840  main_func_sp                         
ffffffff  __TI_pprof_out_hndl                  
ffffffff  __TI_prof_data_size                  
ffffffff  __TI_prof_data_start                 
ffffffff  __binit__                            
ffffffff  __c_args__                           
ffffffff  binit                                
UNDEFED   SHT$$INIT_ARRAY$$Base                
UNDEFED   SHT$$INIT_ARRAY$$Limit               

[582 symbols]
