<?xml version="1.0"?>
<link_info>
   <banner>TI ARM Linker PC v16.9.3.LTS</banner>
   <copyright>Copyright (c) 1996-2017 Texas Instruments Incorporated</copyright>
   <link_time>0x5b16a142</link_time>
   <link_errors>0x0</link_errors>
   <output_file>iib.out</output_file>
   <entry_point>
      <name>_c_int00</name>
      <address>0x9191</address>
   </entry_point>
   <input_file_list>
      <input_file id="fl-2">
         <path>.\</path>
         <kind>object</kind>
         <file>BoardTempHum.obj</file>
         <name>BoardTempHum.obj</name>
      </input_file>
      <input_file id="fl-3">
         <path>.\</path>
         <kind>object</kind>
         <file>adc_internal.obj</file>
         <name>adc_internal.obj</name>
      </input_file>
      <input_file id="fl-4">
         <path>.\</path>
         <kind>object</kind>
         <file>application.obj</file>
         <name>application.obj</name>
      </input_file>
      <input_file id="fl-5">
         <path>.\</path>
         <kind>object</kind>
         <file>can_bus.obj</file>
         <name>can_bus.obj</name>
      </input_file>
      <input_file id="fl-6">
         <path>.\</path>
         <kind>object</kind>
         <file>input.obj</file>
         <name>input.obj</name>
      </input_file>
      <input_file id="fl-7">
         <path>.\</path>
         <kind>object</kind>
         <file>leds.obj</file>
         <name>leds.obj</name>
      </input_file>
      <input_file id="fl-8">
         <path>.\</path>
         <kind>object</kind>
         <file>main.obj</file>
         <name>main.obj</name>
      </input_file>
      <input_file id="fl-9">
         <path>.\</path>
         <kind>object</kind>
         <file>output.obj</file>
         <name>output.obj</name>
      </input_file>
      <input_file id="fl-a">
         <path>.\</path>
         <kind>object</kind>
         <file>pt100.obj</file>
         <name>pt100.obj</name>
      </input_file>
      <input_file id="fl-b">
         <path>.\</path>
         <kind>object</kind>
         <file>task.obj</file>
         <name>task.obj</name>
      </input_file>
      <input_file id="fl-c">
         <path>.\</path>
         <kind>object</kind>
         <file>tm4c129encpdt_startup_ccs.obj</file>
         <name>tm4c129encpdt_startup_ccs.obj</name>
      </input_file>
      <input_file id="fl-d">
         <path>.\board_drivers\</path>
         <kind>object</kind>
         <file>hardware_def.obj</file>
         <name>hardware_def.obj</name>
      </input_file>
      <input_file id="fl-e">
         <path>.\peripheral_drivers\gpio\</path>
         <kind>object</kind>
         <file>gpio_driver.obj</file>
         <name>gpio_driver.obj</name>
      </input_file>
      <input_file id="fl-f">
         <path>.\peripheral_drivers\i2c\</path>
         <kind>object</kind>
         <file>i2c_driver.obj</file>
         <name>i2c_driver.obj</name>
      </input_file>
      <input_file id="fl-10">
         <path>.\peripheral_drivers\spi\</path>
         <kind>object</kind>
         <file>spi.obj</file>
         <name>spi.obj</name>
      </input_file>
      <input_file id="fl-15">
         <kind>object</kind>
         <file>&lt;internal&gt;</file>
         <name>&lt;internal&gt;</name>
      </input_file>
      <input_file id="fl-cb">
         <path>C:\ti\ccsv7\tools\compiler\ti-cgt-arm_16.9.3.LTS\lib\</path>
         <kind>archive</kind>
         <file>rtsv7M4_T_le_v4SPD16_eabi.lib</file>
         <name>boot.obj</name>
      </input_file>
      <input_file id="fl-cc">
         <path>C:\ti\ccsv7\tools\compiler\ti-cgt-arm_16.9.3.LTS\lib\</path>
         <kind>archive</kind>
         <file>rtsv7M4_T_le_v4SPD16_eabi.lib</file>
         <name>copy_decompress_lzss.obj</name>
      </input_file>
      <input_file id="fl-cd">
         <path>C:\ti\ccsv7\tools\compiler\ti-cgt-arm_16.9.3.LTS\lib\</path>
         <kind>archive</kind>
         <file>rtsv7M4_T_le_v4SPD16_eabi.lib</file>
         <name>copy_decompress_none.obj</name>
      </input_file>
      <input_file id="fl-ce">
         <path>C:\ti\ccsv7\tools\compiler\ti-cgt-arm_16.9.3.LTS\lib\</path>
         <kind>archive</kind>
         <file>rtsv7M4_T_le_v4SPD16_eabi.lib</file>
         <name>copy_zero_init.obj</name>
      </input_file>
      <input_file id="fl-cf">
         <path>C:\ti\ccsv7\tools\compiler\ti-cgt-arm_16.9.3.LTS\lib\</path>
         <kind>archive</kind>
         <file>rtsv7M4_T_le_v4SPD16_eabi.lib</file>
         <name>e_sqrt.obj</name>
      </input_file>
      <input_file id="fl-d0">
         <path>C:\ti\ccsv7\tools\compiler\ti-cgt-arm_16.9.3.LTS\lib\</path>
         <kind>archive</kind>
         <file>rtsv7M4_T_le_v4SPD16_eabi.lib</file>
         <name>errno.obj</name>
      </input_file>
      <input_file id="fl-d1">
         <path>C:\ti\ccsv7\tools\compiler\ti-cgt-arm_16.9.3.LTS\lib\</path>
         <kind>archive</kind>
         <file>rtsv7M4_T_le_v4SPD16_eabi.lib</file>
         <name>exit.obj</name>
      </input_file>
      <input_file id="fl-d2">
         <path>C:\ti\ccsv7\tools\compiler\ti-cgt-arm_16.9.3.LTS\lib\</path>
         <kind>archive</kind>
         <file>rtsv7M4_T_le_v4SPD16_eabi.lib</file>
         <name>fd_add_t2.obj</name>
      </input_file>
      <input_file id="fl-d3">
         <path>C:\ti\ccsv7\tools\compiler\ti-cgt-arm_16.9.3.LTS\lib\</path>
         <kind>archive</kind>
         <file>rtsv7M4_T_le_v4SPD16_eabi.lib</file>
         <name>fd_cmp_t2.obj</name>
      </input_file>
      <input_file id="fl-d4">
         <path>C:\ti\ccsv7\tools\compiler\ti-cgt-arm_16.9.3.LTS\lib\</path>
         <kind>archive</kind>
         <file>rtsv7M4_T_le_v4SPD16_eabi.lib</file>
         <name>fd_div_t2.obj</name>
      </input_file>
      <input_file id="fl-d5">
         <path>C:\ti\ccsv7\tools\compiler\ti-cgt-arm_16.9.3.LTS\lib\</path>
         <kind>archive</kind>
         <file>rtsv7M4_T_le_v4SPD16_eabi.lib</file>
         <name>fd_mul_t2.obj</name>
      </input_file>
      <input_file id="fl-d6">
         <path>C:\ti\ccsv7\tools\compiler\ti-cgt-arm_16.9.3.LTS\lib\</path>
         <kind>archive</kind>
         <file>rtsv7M4_T_le_v4SPD16_eabi.lib</file>
         <name>fd_tos_t2.obj</name>
      </input_file>
      <input_file id="fl-d7">
         <path>C:\ti\ccsv7\tools\compiler\ti-cgt-arm_16.9.3.LTS\lib\</path>
         <kind>archive</kind>
         <file>rtsv7M4_T_le_v4SPD16_eabi.lib</file>
         <name>fs_tod_t2.obj</name>
      </input_file>
      <input_file id="fl-d8">
         <path>C:\ti\ccsv7\tools\compiler\ti-cgt-arm_16.9.3.LTS\lib\</path>
         <kind>archive</kind>
         <file>rtsv7M4_T_le_v4SPD16_eabi.lib</file>
         <name>memcpy_t2.obj</name>
      </input_file>
      <input_file id="fl-d9">
         <path>C:\ti\ccsv7\tools\compiler\ti-cgt-arm_16.9.3.LTS\lib\</path>
         <kind>archive</kind>
         <file>rtsv7M4_T_le_v4SPD16_eabi.lib</file>
         <name>memset_t2.obj</name>
      </input_file>
      <input_file id="fl-da">
         <path>C:\ti\ccsv7\tools\compiler\ti-cgt-arm_16.9.3.LTS\lib\</path>
         <kind>archive</kind>
         <file>rtsv7M4_T_le_v4SPD16_eabi.lib</file>
         <name>mpu_init.obj</name>
      </input_file>
      <input_file id="fl-db">
         <path>C:\ti\ccsv7\tools\compiler\ti-cgt-arm_16.9.3.LTS\lib\</path>
         <kind>archive</kind>
         <file>rtsv7M4_T_le_v4SPD16_eabi.lib</file>
         <name>pre_init.obj</name>
      </input_file>
      <input_file id="fl-dc">
         <path>C:\ti\ccsv7\tools\compiler\ti-cgt-arm_16.9.3.LTS\lib\</path>
         <kind>archive</kind>
         <file>rtsv7M4_T_le_v4SPD16_eabi.lib</file>
         <name>stkdepth_vars.obj</name>
      </input_file>
      <input_file id="fl-dd">
         <path>C:\ti\ccsv7\tools\compiler\ti-cgt-arm_16.9.3.LTS\lib\</path>
         <kind>archive</kind>
         <file>rtsv7M4_T_le_v4SPD16_eabi.lib</file>
         <name>_lock.obj</name>
      </input_file>
      <input_file id="fl-de">
         <path>C:\ti\ccsv7\tools\compiler\ti-cgt-arm_16.9.3.LTS\lib\</path>
         <kind>archive</kind>
         <file>rtsv7M4_T_le_v4SPD16_eabi.lib</file>
         <name>args_main.obj</name>
      </input_file>
      <input_file id="fl-df">
         <path>C:\ti\ccsv7\tools\compiler\ti-cgt-arm_16.9.3.LTS\lib\</path>
         <kind>archive</kind>
         <file>rtsv7M4_T_le_v4SPD16_eabi.lib</file>
         <name>autoinit.obj</name>
      </input_file>
      <input_file id="fl-e0">
         <path>C:\ti\ccsv7\tools\compiler\ti-cgt-arm_16.9.3.LTS\lib\</path>
         <kind>archive</kind>
         <file>rtsv7M4_T_le_v4SPD16_eabi.lib</file>
         <name>cpy_tbl.obj</name>
      </input_file>
      <input_file id="fl-e1">
         <path>C:\ti\ccsv7\tools\compiler\ti-cgt-arm_16.9.3.LTS\lib\</path>
         <kind>archive</kind>
         <file>rtsv7M4_T_le_v4SPD16_eabi.lib</file>
         <name>startup.obj</name>
      </input_file>
      <input_file id="fl-e2">
         <path>C:\ti\TivaWare_C_Series-2.1.4.178\driverlib\ccs\Debug\</path>
         <kind>archive</kind>
         <file>driverlib.lib</file>
         <name>adc.obj</name>
      </input_file>
      <input_file id="fl-e3">
         <path>C:\ti\TivaWare_C_Series-2.1.4.178\driverlib\ccs\Debug\</path>
         <kind>archive</kind>
         <file>driverlib.lib</file>
         <name>can.obj</name>
      </input_file>
      <input_file id="fl-e4">
         <path>C:\ti\TivaWare_C_Series-2.1.4.178\driverlib\ccs\Debug\</path>
         <kind>archive</kind>
         <file>driverlib.lib</file>
         <name>gpio.obj</name>
      </input_file>
      <input_file id="fl-e5">
         <path>C:\ti\TivaWare_C_Series-2.1.4.178\driverlib\ccs\Debug\</path>
         <kind>archive</kind>
         <file>driverlib.lib</file>
         <name>i2c.obj</name>
      </input_file>
      <input_file id="fl-e6">
         <path>C:\ti\TivaWare_C_Series-2.1.4.178\driverlib\ccs\Debug\</path>
         <kind>archive</kind>
         <file>driverlib.lib</file>
         <name>interrupt.obj</name>
      </input_file>
      <input_file id="fl-e7">
         <path>C:\ti\TivaWare_C_Series-2.1.4.178\driverlib\ccs\Debug\</path>
         <kind>archive</kind>
         <file>driverlib.lib</file>
         <name>ssi.obj</name>
      </input_file>
      <input_file id="fl-e8">
         <path>C:\ti\TivaWare_C_Series-2.1.4.178\driverlib\ccs\Debug\</path>
         <kind>archive</kind>
         <file>driverlib.lib</file>
         <name>sysctl.obj</name>
      </input_file>
      <input_file id="fl-e9">
         <path>C:\ti\TivaWare_C_Series-2.1.4.178\driverlib\ccs\Debug\</path>
         <kind>archive</kind>
         <file>driverlib.lib</file>
         <name>timer.obj</name>
      </input_file>
      <input_file id="fl-ea">
         <path>C:\ti\TivaWare_C_Series-2.1.4.178\driverlib\ccs\Debug\</path>
         <kind>archive</kind>
         <file>driverlib.lib</file>
         <name>cpu.obj</name>
      </input_file>
   </input_file_list>
   <object_component_list>
      <object_component id="oc-f">
         <name>.intvecs</name>
         <load_address>0x0</load_address>
         <run_address>0x0</run_address>
         <size>0x208</size>
         <input_file_ref idref="fl-c"/>
      </object_component>
      <object_component id="oc-dd">
         <name>.text</name>
         <load_address>0x208</load_address>
         <run_address>0x208</run_address>
         <size>0x25e0</size>
         <input_file_ref idref="fl-3"/>
      </object_component>
      <object_component id="oc-137">
         <name>.text</name>
         <load_address>0x27e8</load_address>
         <run_address>0x27e8</run_address>
         <size>0x2520</size>
         <input_file_ref idref="fl-4"/>
      </object_component>
      <object_component id="oc-d7">
         <name>.text</name>
         <load_address>0x4d08</load_address>
         <run_address>0x4d08</run_address>
         <size>0xea8</size>
         <input_file_ref idref="fl-5"/>
      </object_component>
      <object_component id="oc-131">
         <name>.text</name>
         <load_address>0x5bb0</load_address>
         <run_address>0x5bb0</run_address>
         <size>0xa08</size>
         <input_file_ref idref="fl-a"/>
      </object_component>
      <object_component id="oc-d1">
         <name>.text</name>
         <load_address>0x65b8</load_address>
         <run_address>0x65b8</run_address>
         <size>0x6cc</size>
         <input_file_ref idref="fl-7"/>
      </object_component>
      <object_component id="oc-181">
         <name>.text</name>
         <load_address>0x6c84</load_address>
         <run_address>0x6c84</run_address>
         <size>0x474</size>
         <input_file_ref idref="fl-2"/>
      </object_component>
      <object_component id="oc-2ec">
         <name>.text</name>
         <load_address>0x70f8</load_address>
         <run_address>0x70f8</run_address>
         <size>0x390</size>
         <input_file_ref idref="fl-f"/>
      </object_component>
      <object_component id="oc-e3">
         <name>.text</name>
         <load_address>0x7488</load_address>
         <run_address>0x7488</run_address>
         <size>0x314</size>
         <input_file_ref idref="fl-b"/>
      </object_component>
      <object_component id="oc-125">
         <name>.text</name>
         <load_address>0x779c</load_address>
         <run_address>0x779c</run_address>
         <size>0x2a0</size>
         <input_file_ref idref="fl-6"/>
      </object_component>
      <object_component id="oc-119">
         <name>.text:SysCtlClockFreqSet</name>
         <load_address>0x7a3c</load_address>
         <run_address>0x7a3c</run_address>
         <size>0x200</size>
         <input_file_ref idref="fl-e8"/>
      </object_component>
      <object_component id="oc-294">
         <name>.text</name>
         <load_address>0x7c3c</load_address>
         <run_address>0x7c3c</run_address>
         <size>0x1b6</size>
         <input_file_ref idref="fl-d2"/>
      </object_component>
      <object_component id="oc-57">
         <name>.text</name>
         <load_address>0x7df2</load_address>
         <run_address>0x7df2</run_address>
         <size>0x2</size>
         <input_file_ref idref="fl-da"/>
      </object_component>
      <object_component id="oc-a7">
         <name>.text</name>
         <load_address>0x7df4</load_address>
         <run_address>0x7df4</run_address>
         <size>0x1a0</size>
         <input_file_ref idref="fl-8"/>
      </object_component>
      <object_component id="oc-12b">
         <name>.text</name>
         <load_address>0x7f94</load_address>
         <run_address>0x7f94</run_address>
         <size>0x188</size>
         <input_file_ref idref="fl-9"/>
      </object_component>
      <object_component id="oc-28e">
         <name>.text</name>
         <load_address>0x811c</load_address>
         <run_address>0x811c</run_address>
         <size>0x170</size>
         <input_file_ref idref="fl-cf"/>
      </object_component>
      <object_component id="oc-288">
         <name>.text</name>
         <load_address>0x828c</load_address>
         <run_address>0x828c</run_address>
         <size>0x16c</size>
         <input_file_ref idref="fl-10"/>
      </object_component>
      <object_component id="oc-11f">
         <name>.text</name>
         <load_address>0x83f8</load_address>
         <run_address>0x83f8</run_address>
         <size>0x144</size>
         <input_file_ref idref="fl-d"/>
      </object_component>
      <object_component id="oc-18e">
         <name>.text:CANMessageSet</name>
         <load_address>0x853c</load_address>
         <run_address>0x853c</run_address>
         <size>0x136</size>
         <input_file_ref idref="fl-e3"/>
      </object_component>
      <object_component id="oc-2f2">
         <name>.text</name>
         <load_address>0x8672</load_address>
         <run_address>0x8672</run_address>
         <size>0x136</size>
         <input_file_ref idref="fl-d4"/>
      </object_component>
      <object_component id="oc-324">
         <name>.text:GPIOPadConfigSet</name>
         <load_address>0x87a8</load_address>
         <run_address>0x87a8</run_address>
         <size>0x132</size>
         <input_file_ref idref="fl-e4"/>
      </object_component>
      <object_component id="oc-9f">
         <name>.text</name>
         <load_address>0x88da</load_address>
         <run_address>0x88da</run_address>
         <size>0x2</size>
         <input_file_ref idref="fl-e1"/>
      </object_component>
      <object_component id="oc-401">
         <name>.text:SysCtlClockGet</name>
         <load_address>0x88dc</load_address>
         <run_address>0x88dc</run_address>
         <size>0x110</size>
         <input_file_ref idref="fl-e8"/>
      </object_component>
      <object_component id="oc-194">
         <name>.text:CANMessageGet</name>
         <load_address>0x89ec</load_address>
         <run_address>0x89ec</run_address>
         <size>0x10e</size>
         <input_file_ref idref="fl-e3"/>
      </object_component>
      <object_component id="oc-2f7">
         <name>.text</name>
         <load_address>0x8afa</load_address>
         <run_address>0x8afa</run_address>
         <size>0xfc</size>
         <input_file_ref idref="fl-d5"/>
      </object_component>
      <object_component id="oc-165">
         <name>.text</name>
         <load_address>0x8bf6</load_address>
         <run_address>0x8bf6</run_address>
         <size>0xac</size>
         <input_file_ref idref="fl-e"/>
      </object_component>
      <object_component id="oc-3f">
         <name>.text</name>
         <load_address>0x8ca2</load_address>
         <run_address>0x8ca2</run_address>
         <size>0x9c</size>
         <input_file_ref idref="fl-d8"/>
      </object_component>
      <object_component id="oc-240">
         <name>.text:__aeabi_cdrcmple</name>
         <load_address>0x8d3e</load_address>
         <run_address>0x8d3e</run_address>
         <size>0x86</size>
         <input_file_ref idref="fl-d3"/>
      </object_component>
      <object_component id="oc-1e4">
         <name>.text:ADCSequenceStepConfigure</name>
         <load_address>0x8dc4</load_address>
         <run_address>0x8dc4</run_address>
         <size>0x7a</size>
         <input_file_ref idref="fl-e2"/>
      </object_component>
      <object_component id="oc-4b">
         <name>.text</name>
         <load_address>0x8e3e</load_address>
         <run_address>0x8e3e</run_address>
         <size>0x7a</size>
         <input_file_ref idref="fl-d9"/>
      </object_component>
      <object_component id="oc-63">
         <name>.text</name>
         <load_address>0x8eb8</load_address>
         <run_address>0x8eb8</run_address>
         <size>0x70</size>
         <input_file_ref idref="fl-df"/>
      </object_component>
      <object_component id="oc-299">
         <name>.text</name>
         <load_address>0x8f28</load_address>
         <run_address>0x8f28</run_address>
         <size>0x6e</size>
         <input_file_ref idref="fl-d6"/>
      </object_component>
      <object_component id="oc-1ac">
         <name>.text:CANBitRateSet</name>
         <load_address>0x8f98</load_address>
         <run_address>0x8f98</run_address>
         <size>0x6c</size>
         <input_file_ref idref="fl-e3"/>
      </object_component>
      <object_component id="oc-101">
         <name>.text:IntEnable</name>
         <load_address>0x9004</load_address>
         <run_address>0x9004</run_address>
         <size>0x68</size>
         <input_file_ref idref="fl-e6"/>
      </object_component>
      <object_component id="oc-12">
         <name>.text:decompress:lzss</name>
         <load_address>0x906c</load_address>
         <run_address>0x906c</run_address>
         <size>0x68</size>
         <input_file_ref idref="fl-cc"/>
      </object_component>
      <object_component id="oc-ef">
         <name>.text:TimerConfigure</name>
         <load_address>0x90d4</load_address>
         <run_address>0x90d4</run_address>
         <size>0x60</size>
         <input_file_ref idref="fl-e9"/>
      </object_component>
      <object_component id="oc-331">
         <name>.text:_CANIntNumberGet</name>
         <load_address>0x9134</load_address>
         <run_address>0x9134</run_address>
         <size>0x5c</size>
         <input_file_ref idref="fl-e3"/>
      </object_component>
      <object_component id="oc-24">
         <name>.text</name>
         <load_address>0x9190</load_address>
         <run_address>0x9190</run_address>
         <size>0x54</size>
         <input_file_ref idref="fl-cb"/>
      </object_component>
      <object_component id="oc-6f">
         <name>.text</name>
         <load_address>0x91e4</load_address>
         <run_address>0x91e4</run_address>
         <size>0x54</size>
         <input_file_ref idref="fl-d1"/>
      </object_component>
      <object_component id="oc-1de">
         <name>.text:ADCSequenceConfigure</name>
         <load_address>0x9238</load_address>
         <run_address>0x9238</run_address>
         <size>0x50</size>
         <input_file_ref idref="fl-e2"/>
      </object_component>
      <object_component id="oc-3fb">
         <name>.text:SysCtlPeripheralReset</name>
         <load_address>0x9288</load_address>
         <run_address>0x9288</run_address>
         <size>0x50</size>
         <input_file_ref idref="fl-e8"/>
      </object_component>
      <object_component id="oc-407">
         <name>.text:I2CMasterInitExpClk</name>
         <load_address>0x92d8</load_address>
         <run_address>0x92d8</run_address>
         <size>0x4c</size>
         <input_file_ref idref="fl-e5"/>
      </object_component>
      <object_component id="oc-258">
         <name>.text:_TimerIntNumberGet</name>
         <load_address>0x9324</load_address>
         <run_address>0x9324</run_address>
         <size>0x4c</size>
         <input_file_ref idref="fl-e9"/>
      </object_component>
      <object_component id="oc-99">
         <name>.text</name>
         <load_address>0x9370</load_address>
         <run_address>0x9370</run_address>
         <size>0x4c</size>
         <input_file_ref idref="fl-e0"/>
      </object_component>
      <object_component id="oc-19a">
         <name>.text:GPIOPinConfigure</name>
         <load_address>0x93bc</load_address>
         <run_address>0x93bc</run_address>
         <size>0x48</size>
         <input_file_ref idref="fl-e4"/>
      </object_component>
      <object_component id="oc-26c">
         <name>.text:_SysCtlFrequencyGet</name>
         <load_address>0x9404</load_address>
         <run_address>0x9404</run_address>
         <size>0x48</size>
         <input_file_ref idref="fl-e8"/>
      </object_component>
      <object_component id="oc-40d">
         <name>.text:I2CMasterGlitchFilterConfigSet</name>
         <load_address>0x944c</load_address>
         <run_address>0x944c</run_address>
         <size>0x44</size>
         <input_file_ref idref="fl-e5"/>
      </object_component>
      <object_component id="oc-172">
         <name>.text:CANStatusGet</name>
         <load_address>0x9490</load_address>
         <run_address>0x9490</run_address>
         <size>0x40</size>
         <input_file_ref idref="fl-e3"/>
      </object_component>
      <object_component id="oc-39d">
         <name>.text:SSIConfigSetExpClk</name>
         <load_address>0x94d0</load_address>
         <run_address>0x94d0</run_address>
         <size>0x3c</size>
         <input_file_ref idref="fl-e7"/>
      </object_component>
      <object_component id="oc-1a6">
         <name>.text:CANInit</name>
         <load_address>0x950c</load_address>
         <run_address>0x950c</run_address>
         <size>0x3a</size>
         <input_file_ref idref="fl-e3"/>
      </object_component>
      <object_component id="oc-1cc">
         <name>.text:SysCtlPeripheralReady</name>
         <load_address>0x9548</load_address>
         <run_address>0x9548</run_address>
         <size>0x38</size>
         <input_file_ref idref="fl-e8"/>
      </object_component>
      <object_component id="oc-23b">
         <name>.text</name>
         <load_address>0x9580</load_address>
         <run_address>0x9580</run_address>
         <size>0x38</size>
         <input_file_ref idref="fl-d7"/>
      </object_component>
      <object_component id="oc-25e">
         <name>.text:IntRegister</name>
         <load_address>0x95b8</load_address>
         <run_address>0x95b8</run_address>
         <size>0x34</size>
         <input_file_ref idref="fl-e6"/>
      </object_component>
      <object_component id="oc-27c">
         <name>.text:SysCtlPeripheralDisable</name>
         <load_address>0x95ec</load_address>
         <run_address>0x95ec</run_address>
         <size>0x34</size>
         <input_file_ref idref="fl-e8"/>
      </object_component>
      <object_component id="oc-e9">
         <name>.text:SysCtlPeripheralEnable</name>
         <load_address>0x9620</load_address>
         <run_address>0x9620</run_address>
         <size>0x34</size>
         <input_file_ref idref="fl-e8"/>
      </object_component>
      <object_component id="oc-1fc">
         <name>.text:ADCIntStatus</name>
         <load_address>0x9654</load_address>
         <run_address>0x9654</run_address>
         <size>0x2e</size>
         <input_file_ref idref="fl-e2"/>
      </object_component>
      <object_component id="oc-31e">
         <name>.text:GPIODirModeSet</name>
         <load_address>0x9682</load_address>
         <run_address>0x9682</run_address>
         <size>0x2a</size>
         <input_file_ref idref="fl-e4"/>
      </object_component>
      <object_component id="oc-312">
         <name>.text:_CANDataRegRead</name>
         <load_address>0x96ac</load_address>
         <run_address>0x96ac</run_address>
         <size>0x2a</size>
         <input_file_ref idref="fl-e3"/>
      </object_component>
      <object_component id="oc-fb">
         <name>.text:IntPrioritySet</name>
         <load_address>0x96d8</load_address>
         <run_address>0x96d8</run_address>
         <size>0x24</size>
         <input_file_ref idref="fl-e6"/>
      </object_component>
      <object_component id="oc-30b">
         <name>.text:_CANDataRegWrite</name>
         <load_address>0x96fc</load_address>
         <run_address>0x96fc</run_address>
         <size>0x24</size>
         <input_file_ref idref="fl-e3"/>
      </object_component>
      <object_component id="oc-178">
         <name>.text:CANIntClear</name>
         <load_address>0x9720</load_address>
         <run_address>0x9720</run_address>
         <size>0x22</size>
         <input_file_ref idref="fl-e3"/>
      </object_component>
      <object_component id="oc-16c">
         <name>.text:CANIntStatus</name>
         <load_address>0x9742</load_address>
         <run_address>0x9742</run_address>
         <size>0x20</size>
         <input_file_ref idref="fl-e3"/>
      </object_component>
      <object_component id="oc-266">
         <name>.text:_SysCtlMemTimingGet</name>
         <load_address>0x9764</load_address>
         <run_address>0x9764</run_address>
         <size>0x20</size>
         <input_file_ref idref="fl-e8"/>
      </object_component>
      <object_component id="oc-202">
         <name>.text:ADCSequenceDataGet</name>
         <load_address>0x9784</load_address>
         <run_address>0x9784</run_address>
         <size>0x1e</size>
         <input_file_ref idref="fl-e2"/>
      </object_component>
      <object_component id="oc-1f6">
         <name>.text:ADCProcessorTrigger</name>
         <load_address>0x97a2</load_address>
         <run_address>0x97a2</run_address>
         <size>0x18</size>
         <input_file_ref idref="fl-e2"/>
      </object_component>
      <object_component id="oc-1b8">
         <name>.text:CANIntRegister</name>
         <load_address>0x97ba</load_address>
         <run_address>0x97ba</run_address>
         <size>0x18</size>
         <input_file_ref idref="fl-e3"/>
      </object_component>
      <object_component id="oc-2c8">
         <name>.text:GPIOPinTypeGPIOOutput</name>
         <load_address>0x97d2</load_address>
         <run_address>0x97d2</run_address>
         <size>0x18</size>
         <input_file_ref idref="fl-e4"/>
      </object_component>
      <object_component id="oc-10d">
         <name>.text:TimerIntRegister</name>
         <load_address>0x97ea</load_address>
         <run_address>0x97ea</run_address>
         <size>0x18</size>
         <input_file_ref idref="fl-e9"/>
      </object_component>
      <object_component id="oc-69">
         <name>.text</name>
         <load_address>0x9804</load_address>
         <run_address>0x9804</run_address>
         <size>0x18</size>
         <input_file_ref idref="fl-de"/>
      </object_component>
      <object_component id="oc-14b">
         <name>.text</name>
         <load_address>0x981c</load_address>
         <run_address>0x981c</run_address>
         <size>0x14</size>
         <input_file_ref idref="fl-dd"/>
      </object_component>
      <object_component id="oc-1d8">
         <name>.text:GPIOPinTypeADC</name>
         <load_address>0x9830</load_address>
         <run_address>0x9830</run_address>
         <size>0x12</size>
         <input_file_ref idref="fl-e4"/>
      </object_component>
      <object_component id="oc-1a0">
         <name>.text:GPIOPinTypeCAN</name>
         <load_address>0x9842</load_address>
         <run_address>0x9842</run_address>
         <size>0x12</size>
         <input_file_ref idref="fl-e4"/>
      </object_component>
      <object_component id="oc-2ce">
         <name>.text:GPIOPinTypeGPIOInput</name>
         <load_address>0x9854</load_address>
         <run_address>0x9854</run_address>
         <size>0x12</size>
         <input_file_ref idref="fl-e4"/>
      </object_component>
      <object_component id="oc-3ef">
         <name>.text:GPIOPinTypeI2C</name>
         <load_address>0x9866</load_address>
         <run_address>0x9866</run_address>
         <size>0x12</size>
         <input_file_ref idref="fl-e4"/>
      </object_component>
      <object_component id="oc-3f5">
         <name>.text:GPIOPinTypeI2CSCL</name>
         <load_address>0x9878</load_address>
         <run_address>0x9878</run_address>
         <size>0x12</size>
         <input_file_ref idref="fl-e4"/>
      </object_component>
      <object_component id="oc-397">
         <name>.text:GPIOPinTypeSSI</name>
         <load_address>0x988a</load_address>
         <run_address>0x988a</run_address>
         <size>0x12</size>
         <input_file_ref idref="fl-e4"/>
      </object_component>
      <object_component id="oc-3a9">
         <name>.text:SSIDataGetNonBlocking</name>
         <load_address>0x989c</load_address>
         <run_address>0x989c</run_address>
         <size>0x12</size>
         <input_file_ref idref="fl-e7"/>
      </object_component>
      <object_component id="oc-f5">
         <name>.text:TimerLoadSet</name>
         <load_address>0x98ae</load_address>
         <run_address>0x98ae</run_address>
         <size>0x12</size>
         <input_file_ref idref="fl-e9"/>
      </object_component>
      <object_component id="oc-1ea">
         <name>.text:ADCSequenceEnable</name>
         <load_address>0x98c0</load_address>
         <run_address>0x98c0</run_address>
         <size>0xe</size>
         <input_file_ref idref="fl-e2"/>
      </object_component>
      <object_component id="oc-113">
         <name>.text:TimerEnable</name>
         <load_address>0x98ce</load_address>
         <run_address>0x98ce</run_address>
         <size>0xe</size>
         <input_file_ref idref="fl-e9"/>
      </object_component>
      <object_component id="oc-18">
         <name>.text:decompress:none</name>
         <load_address>0x98dc</load_address>
         <run_address>0x98dc</run_address>
         <size>0xe</size>
         <input_file_ref idref="fl-cd"/>
      </object_component>
      <object_component id="oc-1d2">
         <name>.text:ADCReferenceSet</name>
         <load_address>0x98ea</load_address>
         <run_address>0x98ea</run_address>
         <size>0xc</size>
         <input_file_ref idref="fl-e2"/>
      </object_component>
      <object_component id="oc-3b5">
         <name>.text:SSIDataGet</name>
         <load_address>0x98f6</load_address>
         <run_address>0x98f6</run_address>
         <size>0xc</size>
         <input_file_ref idref="fl-e7"/>
      </object_component>
      <object_component id="oc-1e">
         <name>.text:decompress:ZI</name>
         <load_address>0x9902</load_address>
         <run_address>0x9902</run_address>
         <size>0xc</size>
         <input_file_ref idref="fl-ce"/>
      </object_component>
      <object_component id="oc-2b">
         <name>.text</name>
         <load_address>0x990e</load_address>
         <run_address>0x990e</run_address>
         <size>0xc</size>
         <input_file_ref idref="fl-c"/>
      </object_component>
      <object_component id="oc-1f0">
         <name>.text:ADCIntClear</name>
         <load_address>0x991a</load_address>
         <run_address>0x991a</run_address>
         <size>0xa</size>
         <input_file_ref idref="fl-e2"/>
      </object_component>
      <object_component id="oc-1be">
         <name>.text:CANEnable</name>
         <load_address>0x9924</load_address>
         <run_address>0x9924</run_address>
         <size>0xa</size>
         <input_file_ref idref="fl-e3"/>
      </object_component>
      <object_component id="oc-46b">
         <name>.text:I2CMasterEnable</name>
         <load_address>0x992e</load_address>
         <run_address>0x992e</run_address>
         <size>0xa</size>
         <input_file_ref idref="fl-e5"/>
      </object_component>
      <object_component id="oc-3af">
         <name>.text:SSIDataPut</name>
         <load_address>0x9938</load_address>
         <run_address>0x9938</run_address>
         <size>0xa</size>
         <input_file_ref idref="fl-e7"/>
      </object_component>
      <object_component id="oc-3a3">
         <name>.text:SSIEnable</name>
         <load_address>0x9942</load_address>
         <run_address>0x9942</run_address>
         <size>0xa</size>
         <input_file_ref idref="fl-e7"/>
      </object_component>
      <object_component id="oc-1b2">
         <name>.text:CANIntEnable</name>
         <load_address>0x994c</load_address>
         <run_address>0x994c</run_address>
         <size>0x8</size>
         <input_file_ref idref="fl-e3"/>
      </object_component>
      <object_component id="oc-42b">
         <name>.text:I2CMasterBusBusy</name>
         <load_address>0x9954</load_address>
         <run_address>0x9954</run_address>
         <size>0x8</size>
         <input_file_ref idref="fl-e5"/>
      </object_component>
      <object_component id="oc-425">
         <name>.text:I2CMasterBusy</name>
         <load_address>0x995c</load_address>
         <run_address>0x995c</run_address>
         <size>0x8</size>
         <input_file_ref idref="fl-e5"/>
      </object_component>
      <object_component id="oc-413">
         <name>.text:I2CMasterSlaveAddrSet</name>
         <load_address>0x9964</load_address>
         <run_address>0x9964</run_address>
         <size>0x8</size>
         <input_file_ref idref="fl-e5"/>
      </object_component>
      <object_component id="oc-107">
         <name>.text:TimerIntEnable</name>
         <load_address>0x996c</load_address>
         <run_address>0x996c</run_address>
         <size>0x8</size>
         <input_file_ref idref="fl-e9"/>
      </object_component>
      <object_component id="oc-2d4">
         <name>.text:GPIOPinRead</name>
         <load_address>0x9974</load_address>
         <run_address>0x9974</run_address>
         <size>0x6</size>
         <input_file_ref idref="fl-e4"/>
      </object_component>
      <object_component id="oc-2da">
         <name>.text:GPIOPinWrite</name>
         <load_address>0x997a</load_address>
         <run_address>0x997a</run_address>
         <size>0x6</size>
         <input_file_ref idref="fl-e4"/>
      </object_component>
      <object_component id="oc-41f">
         <name>.text:I2CMasterControl</name>
         <load_address>0x9980</load_address>
         <run_address>0x9980</run_address>
         <size>0x4</size>
         <input_file_ref idref="fl-e5"/>
      </object_component>
      <object_component id="oc-431">
         <name>.text:I2CMasterDataGet</name>
         <load_address>0x9984</load_address>
         <run_address>0x9984</run_address>
         <size>0x4</size>
         <input_file_ref idref="fl-e5"/>
      </object_component>
      <object_component id="oc-419">
         <name>.text:I2CMasterDataPut</name>
         <load_address>0x9988</load_address>
         <run_address>0x9988</run_address>
         <size>0x4</size>
         <input_file_ref idref="fl-e5"/>
      </object_component>
      <object_component id="oc-cb">
         <name>.text:TimerIntClear</name>
         <load_address>0x998c</load_address>
         <run_address>0x998c</run_address>
         <size>0x4</size>
         <input_file_ref idref="fl-e9"/>
      </object_component>
      <object_component id="oc-5d">
         <name>.text</name>
         <load_address>0x9990</load_address>
         <run_address>0x9990</run_address>
         <size>0x4</size>
         <input_file_ref idref="fl-db"/>
      </object_component>
      <object_component id="oc-275">
         <name>.const:g_pppui32XTALtoVCO</name>
         <load_address>0x9994</load_address>
         <run_address>0x9994</run_address>
         <size>0x1b0</size>
         <input_file_ref idref="fl-e8"/>
      </object_component>
      <object_component id="oc-24e">
         <name>.const:g_pui32Regs</name>
         <load_address>0x9b44</load_address>
         <run_address>0x9b44</run_address>
         <size>0x9c</size>
         <input_file_ref idref="fl-e6"/>
      </object_component>
      <object_component id="oc-319">
         <name>.const:g_pui32GPIOBaseAddrs</name>
         <load_address>0x9be0</load_address>
         <run_address>0x9be0</run_address>
         <size>0x90</size>
         <input_file_ref idref="fl-e4"/>
      </object_component>
      <object_component id="oc-253">
         <name>.const</name>
         <load_address>0x9c70</load_address>
         <run_address>0x9c70</run_address>
         <size>0x70</size>
         <input_file_ref idref="fl-e6"/>
      </object_component>
      <object_component id="oc-272">
         <name>.const:g_pui32Xtals</name>
         <load_address>0x9ce0</load_address>
         <run_address>0x9ce0</run_address>
         <size>0x6c</size>
         <input_file_ref idref="fl-e8"/>
      </object_component>
      <object_component id="oc-37e">
         <name>.const:g_ppui32TimerIntMap</name>
         <load_address>0x9d4c</load_address>
         <run_address>0x9d4c</run_address>
         <size>0x60</size>
         <input_file_ref idref="fl-e9"/>
      </object_component>
      <object_component id="oc-381">
         <name>.const:g_ppui32TimerIntMapSnowflake</name>
         <load_address>0x9dac</load_address>
         <run_address>0x9dac</run_address>
         <size>0x40</size>
         <input_file_ref idref="fl-e9"/>
      </object_component>
      <object_component id="oc-389">
         <name>.const:g_sXTALtoMEMTIM</name>
         <load_address>0x9dec</load_address>
         <run_address>0x9dec</run_address>
         <size>0x30</size>
         <input_file_ref idref="fl-e8"/>
      </object_component>
      <object_component id="oc-32c">
         <name>.const</name>
         <load_address>0x9e1c</load_address>
         <run_address>0x9e1c</run_address>
         <size>0x20</size>
         <input_file_ref idref="fl-e3"/>
      </object_component>
      <object_component id="oc-278">
         <name>.const</name>
         <load_address>0x9e3c</load_address>
         <run_address>0x9e3c</run_address>
         <size>0x8</size>
         <input_file_ref idref="fl-e8"/>
      </object_component>
      <object_component id="oc-4a4">
         <name>.cinit..data.load</name>
         <load_address>0x9e48</load_address>
         <run_address>0x9e48</run_address>
         <size>0x48</size>
      </object_component>
      <object_component id="oc-4a1">
         <name>__TI_handler_table</name>
         <load_address>0x9e90</load_address>
         <run_address>0x9e90</run_address>
         <size>0xc</size>
      </object_component>
      <object_component id="oc-4a5">
         <name>.cinit..bss.load</name>
         <load_address>0x9ea0</load_address>
         <run_address>0x9ea0</run_address>
         <size>0x8</size>
      </object_component>
      <object_component id="oc-4a3">
         <name>.cinit..vtable.load</name>
         <load_address>0x9ea8</load_address>
         <run_address>0x9ea8</run_address>
         <size>0x8</size>
      </object_component>
      <object_component id="oc-4a2">
         <name>__TI_cinit_table</name>
         <load_address>0x9eb0</load_address>
         <run_address>0x9eb0</run_address>
         <size>0x18</size>
      </object_component>
      <object_component id="oc-385">
         <name>.vtable</name>
         <uninitialized>true</uninitialized>
         <run_address>0x20000000</run_address>
         <size>0x26c</size>
         <input_file_ref idref="fl-e6"/>
      </object_component>
      <object_component id="oc-2fc">
         <name>.data</name>
         <load_address>0x200007ec</load_address>
         <run_address>0x200007ec</run_address>
         <size>0x12</size>
         <input_file_ref idref="fl-2"/>
      </object_component>
      <object_component id="oc-229">
         <name>.data</name>
         <load_address>0x20000800</load_address>
         <run_address>0x20000800</run_address>
         <size>0xd</size>
         <input_file_ref idref="fl-3"/>
      </object_component>
      <object_component id="oc-2af">
         <name>.data</name>
         <load_address>0x20000824</load_address>
         <run_address>0x20000824</run_address>
         <size>0x7</size>
         <input_file_ref idref="fl-4"/>
      </object_component>
      <object_component id="oc-17e">
         <name>.data</name>
         <load_address>0x2000082c</load_address>
         <run_address>0x2000082c</run_address>
         <size>0x7</size>
         <input_file_ref idref="fl-5"/>
      </object_component>
      <object_component id="oc-283">
         <name>.data</name>
         <load_address>0x200007d1</load_address>
         <run_address>0x200007d1</run_address>
         <size>0x3</size>
         <input_file_ref idref="fl-6"/>
      </object_component>
      <object_component id="oc-13d">
         <name>.data</name>
         <load_address>0x20000834</load_address>
         <run_address>0x20000834</run_address>
         <size>0x5</size>
         <input_file_ref idref="fl-8"/>
      </object_component>
      <object_component id="oc-29e">
         <name>.data</name>
         <load_address>0x200007d4</load_address>
         <run_address>0x200007d4</run_address>
         <size>0x18</size>
         <input_file_ref idref="fl-a"/>
      </object_component>
      <object_component id="oc-246">
         <name>.data</name>
         <load_address>0x200007ac</load_address>
         <run_address>0x200007ac</run_address>
         <size>0x25</size>
         <input_file_ref idref="fl-b"/>
      </object_component>
      <object_component id="oc-3bd">
         <name>.data</name>
         <load_address>0x2000083c</load_address>
         <run_address>0x2000083c</run_address>
         <size>0x4</size>
         <input_file_ref idref="fl-d0"/>
      </object_component>
      <object_component id="oc-af">
         <name>.data:$O1$$</name>
         <load_address>0x20000810</load_address>
         <run_address>0x20000810</run_address>
         <size>0xc</size>
         <input_file_ref idref="fl-d1"/>
      </object_component>
      <object_component id="oc-75">
         <name>.data</name>
         <load_address>0x20000840</load_address>
         <run_address>0x20000840</run_address>
         <size>0x4</size>
         <input_file_ref idref="fl-dc"/>
      </object_component>
      <object_component id="oc-b2">
         <name>.data:$O1$$</name>
         <load_address>0x2000081c</load_address>
         <run_address>0x2000081c</run_address>
         <size>0x8</size>
         <input_file_ref idref="fl-dd"/>
      </object_component>
      <object_component id="oc-2ff">
         <name>.bss</name>
         <uninitialized>true</uninitialized>
         <run_address>0x200005a8</run_address>
         <size>0x1</size>
         <input_file_ref idref="fl-2"/>
      </object_component>
      <object_component id="oc-208">
         <name>.bss:VoltageCh1</name>
         <uninitialized>true</uninitialized>
         <run_address>0x20000460</run_address>
         <size>0x20</size>
         <input_file_ref idref="fl-3"/>
      </object_component>
      <object_component id="oc-20b">
         <name>.bss:VoltageCh2</name>
         <uninitialized>true</uninitialized>
         <run_address>0x20000480</run_address>
         <size>0x20</size>
         <input_file_ref idref="fl-3"/>
      </object_component>
      <object_component id="oc-20e">
         <name>.bss:VoltageCh3</name>
         <uninitialized>true</uninitialized>
         <run_address>0x200004a0</run_address>
         <size>0x20</size>
         <input_file_ref idref="fl-3"/>
      </object_component>
      <object_component id="oc-211">
         <name>.bss:VoltageCh4</name>
         <uninitialized>true</uninitialized>
         <run_address>0x200004c0</run_address>
         <size>0x20</size>
         <input_file_ref idref="fl-3"/>
      </object_component>
      <object_component id="oc-214">
         <name>.bss:CurrentCh1</name>
         <uninitialized>true</uninitialized>
         <run_address>0x20000320</run_address>
         <size>0x20</size>
         <input_file_ref idref="fl-3"/>
      </object_component>
      <object_component id="oc-217">
         <name>.bss:CurrentCh2</name>
         <uninitialized>true</uninitialized>
         <run_address>0x20000340</run_address>
         <size>0x20</size>
         <input_file_ref idref="fl-3"/>
      </object_component>
      <object_component id="oc-21a">
         <name>.bss:CurrentCh3</name>
         <uninitialized>true</uninitialized>
         <run_address>0x20000360</run_address>
         <size>0x20</size>
         <input_file_ref idref="fl-3"/>
      </object_component>
      <object_component id="oc-21d">
         <name>.bss:CurrentCh4</name>
         <uninitialized>true</uninitialized>
         <run_address>0x20000380</run_address>
         <size>0x20</size>
         <input_file_ref idref="fl-3"/>
      </object_component>
      <object_component id="oc-220">
         <name>.bss:LvCurrentCh1</name>
         <uninitialized>true</uninitialized>
         <run_address>0x20000400</run_address>
         <size>0x20</size>
         <input_file_ref idref="fl-3"/>
      </object_component>
      <object_component id="oc-223">
         <name>.bss:LvCurrentCh2</name>
         <uninitialized>true</uninitialized>
         <run_address>0x20000420</run_address>
         <size>0x20</size>
         <input_file_ref idref="fl-3"/>
      </object_component>
      <object_component id="oc-226">
         <name>.bss:LvCurrentCh3</name>
         <uninitialized>true</uninitialized>
         <run_address>0x20000440</run_address>
         <size>0x20</size>
         <input_file_ref idref="fl-3"/>
      </object_component>
      <object_component id="oc-232">
         <name>.bss:DriverVolt</name>
         <uninitialized>true</uninitialized>
         <run_address>0x200003e0</run_address>
         <size>0x20</size>
         <input_file_ref idref="fl-3"/>
      </object_component>
      <object_component id="oc-235">
         <name>.bss:Driver1Curr</name>
         <uninitialized>true</uninitialized>
         <run_address>0x200003a0</run_address>
         <size>0x20</size>
         <input_file_ref idref="fl-3"/>
      </object_component>
      <object_component id="oc-238">
         <name>.bss:Driver2Curr</name>
         <uninitialized>true</uninitialized>
         <run_address>0x200003c0</run_address>
         <size>0x20</size>
         <input_file_ref idref="fl-3"/>
      </object_component>
      <object_component id="oc-22c">
         <name>.bss:adc_0_value</name>
         <uninitialized>true</uninitialized>
         <run_address>0x200004e0</run_address>
         <size>0x1c</size>
         <input_file_ref idref="fl-3"/>
      </object_component>
      <object_component id="oc-22f">
         <name>.bss:adc_1_value</name>
         <uninitialized>true</uninitialized>
         <run_address>0x200004fc</run_address>
         <size>0x1c</size>
         <input_file_ref idref="fl-3"/>
      </object_component>
      <object_component id="oc-2b2">
         <name>.bss:Q1Module</name>
         <uninitialized>true</uninitialized>
         <run_address>0x2000026c</run_address>
         <size>0x48</size>
         <input_file_ref idref="fl-4"/>
      </object_component>
      <object_component id="oc-2b5">
         <name>.bss:Q4Module</name>
         <uninitialized>true</uninitialized>
         <run_address>0x200002f4</run_address>
         <size>0x2c</size>
         <input_file_ref idref="fl-4"/>
      </object_component>
      <object_component id="oc-2bb">
         <name>.bss:InputModule</name>
         <uninitialized>true</uninitialized>
         <run_address>0x20000518</run_address>
         <size>0x18</size>
         <input_file_ref idref="fl-4"/>
      </object_component>
      <object_component id="oc-2b8">
         <name>.bss:Rectifier</name>
         <uninitialized>true</uninitialized>
         <run_address>0x200002b4</run_address>
         <size>0x40</size>
         <input_file_ref idref="fl-4"/>
      </object_component>
      <object_component id="oc-187">
         <name>.bss:floatNchars</name>
         <uninitialized>true</uninitialized>
         <run_address>0x200005a4</run_address>
         <size>0x4</size>
         <input_file_ref idref="fl-5"/>
      </object_component>
      <object_component id="oc-2a1">
         <name>.bss:Pt100Ch1</name>
         <uninitialized>true</uninitialized>
         <run_address>0x20000558</run_address>
         <size>0xf</size>
         <input_file_ref idref="fl-a"/>
      </object_component>
      <object_component id="oc-2a4">
         <name>.bss:Pt100Ch2</name>
         <uninitialized>true</uninitialized>
         <run_address>0x20000567</run_address>
         <size>0xf</size>
         <input_file_ref idref="fl-a"/>
      </object_component>
      <object_component id="oc-2a7">
         <name>.bss:Pt100Ch3</name>
         <uninitialized>true</uninitialized>
         <run_address>0x20000576</run_address>
         <size>0xf</size>
         <input_file_ref idref="fl-a"/>
      </object_component>
      <object_component id="oc-2aa">
         <name>.bss:Pt100Ch4</name>
         <uninitialized>true</uninitialized>
         <run_address>0x20000585</run_address>
         <size>0xf</size>
         <input_file_ref idref="fl-a"/>
      </object_component>
      <object_component id="oc-1c4">
         <name>.common:sCANMessage</name>
         <uninitialized>true</uninitialized>
         <run_address>0x20000530</run_address>
         <size>0x14</size>
      </object_component>
      <object_component id="oc-1c5">
         <name>.common:pui8MsgData</name>
         <uninitialized>true</uninitialized>
         <run_address>0x20000594</run_address>
         <size>0x8</size>
      </object_component>
      <object_component id="oc-18d">
         <name>.common:sCANMessageTx</name>
         <uninitialized>true</uninitialized>
         <run_address>0x20000544</run_address>
         <size>0x14</size>
      </object_component>
      <object_component id="oc-18a">
         <name>.common:pui8MsgDataTx</name>
         <uninitialized>true</uninitialized>
         <run_address>0x2000059c</run_address>
         <size>0x8</size>
      </object_component>
      <object_component id="oc-2a">
         <name>.stack</name>
         <uninitialized>true</uninitialized>
         <run_address>0x200005ac</run_address>
         <size>0x0</size>
         <input_file_ref idref="fl-cb"/>
      </object_component>
      <object_component id="oc-4a6">
         <name>.stack</name>
         <uninitialized>true</uninitialized>
         <run_address>0x200005ac</run_address>
         <size>0x0</size>
      </object_component>
      <object_component id="oc-47a">
         <name>.debug_info</name>
         <load_address>0x0</load_address>
         <run_address>0x0</run_address>
         <size>0x367</size>
         <input_file_ref idref="fl-2"/>
      </object_component>
      <object_component id="oc-300">
         <name>.debug_info</name>
         <load_address>0x367</load_address>
         <run_address>0x367</run_address>
         <size>0xc9</size>
         <input_file_ref idref="fl-2"/>
      </object_component>
      <object_component id="oc-2fd">
         <name>.debug_info</name>
         <load_address>0x430</load_address>
         <run_address>0x430</run_address>
         <size>0x259</size>
         <input_file_ref idref="fl-2"/>
      </object_component>
      <object_component id="oc-182">
         <name>.debug_info</name>
         <load_address>0x689</load_address>
         <run_address>0x689</run_address>
         <size>0xd32</size>
         <input_file_ref idref="fl-2"/>
      </object_component>
      <object_component id="oc-3a">
         <name>.debug_info</name>
         <load_address>0x13bb</load_address>
         <run_address>0x13bb</run_address>
         <size>0x84</size>
         <input_file_ref idref="fl-2"/>
      </object_component>
      <object_component id="oc-7c">
         <name>.debug_info</name>
         <load_address>0x143f</load_address>
         <run_address>0x143f</run_address>
         <size>0x18b</size>
         <input_file_ref idref="fl-2"/>
      </object_component>
      <object_component id="oc-438">
         <name>.debug_info</name>
         <load_address>0x15ca</load_address>
         <run_address>0x15ca</run_address>
         <size>0x4e</size>
         <input_file_ref idref="fl-2"/>
      </object_component>
      <object_component id="oc-364">
         <name>.debug_info</name>
         <load_address>0x1618</load_address>
         <run_address>0x1618</run_address>
         <size>0x54f</size>
         <input_file_ref idref="fl-3"/>
      </object_component>
      <object_component id="oc-22a">
         <name>.debug_info</name>
         <load_address>0x1b67</load_address>
         <run_address>0x1b67</run_address>
         <size>0x1ab</size>
         <input_file_ref idref="fl-3"/>
      </object_component>
      <object_component id="oc-209">
         <name>.debug_info</name>
         <load_address>0x1d12</load_address>
         <run_address>0x1d12</run_address>
         <size>0xcf</size>
         <input_file_ref idref="fl-3"/>
      </object_component>
      <object_component id="oc-20c">
         <name>.debug_info</name>
         <load_address>0x1de1</load_address>
         <run_address>0x1de1</run_address>
         <size>0xcf</size>
         <input_file_ref idref="fl-3"/>
      </object_component>
      <object_component id="oc-20f">
         <name>.debug_info</name>
         <load_address>0x1eb0</load_address>
         <run_address>0x1eb0</run_address>
         <size>0xcf</size>
         <input_file_ref idref="fl-3"/>
      </object_component>
      <object_component id="oc-212">
         <name>.debug_info</name>
         <load_address>0x1f7f</load_address>
         <run_address>0x1f7f</run_address>
         <size>0xcf</size>
         <input_file_ref idref="fl-3"/>
      </object_component>
      <object_component id="oc-215">
         <name>.debug_info</name>
         <load_address>0x204e</load_address>
         <run_address>0x204e</run_address>
         <size>0xcf</size>
         <input_file_ref idref="fl-3"/>
      </object_component>
      <object_component id="oc-218">
         <name>.debug_info</name>
         <load_address>0x211d</load_address>
         <run_address>0x211d</run_address>
         <size>0xcf</size>
         <input_file_ref idref="fl-3"/>
      </object_component>
      <object_component id="oc-21b">
         <name>.debug_info</name>
         <load_address>0x21ec</load_address>
         <run_address>0x21ec</run_address>
         <size>0xcf</size>
         <input_file_ref idref="fl-3"/>
      </object_component>
      <object_component id="oc-21e">
         <name>.debug_info</name>
         <load_address>0x22bb</load_address>
         <run_address>0x22bb</run_address>
         <size>0xcf</size>
         <input_file_ref idref="fl-3"/>
      </object_component>
      <object_component id="oc-221">
         <name>.debug_info</name>
         <load_address>0x238a</load_address>
         <run_address>0x238a</run_address>
         <size>0xd3</size>
         <input_file_ref idref="fl-3"/>
      </object_component>
      <object_component id="oc-224">
         <name>.debug_info</name>
         <load_address>0x245d</load_address>
         <run_address>0x245d</run_address>
         <size>0xd3</size>
         <input_file_ref idref="fl-3"/>
      </object_component>
      <object_component id="oc-227">
         <name>.debug_info</name>
         <load_address>0x2530</load_address>
         <run_address>0x2530</run_address>
         <size>0xd3</size>
         <input_file_ref idref="fl-3"/>
      </object_component>
      <object_component id="oc-233">
         <name>.debug_info</name>
         <load_address>0x2603</load_address>
         <run_address>0x2603</run_address>
         <size>0xcf</size>
         <input_file_ref idref="fl-3"/>
      </object_component>
      <object_component id="oc-236">
         <name>.debug_info</name>
         <load_address>0x26d2</load_address>
         <run_address>0x26d2</run_address>
         <size>0xd1</size>
         <input_file_ref idref="fl-3"/>
      </object_component>
      <object_component id="oc-239">
         <name>.debug_info</name>
         <load_address>0x27a3</load_address>
         <run_address>0x27a3</run_address>
         <size>0xd1</size>
         <input_file_ref idref="fl-3"/>
      </object_component>
      <object_component id="oc-22d">
         <name>.debug_info</name>
         <load_address>0x2874</load_address>
         <run_address>0x2874</run_address>
         <size>0xd1</size>
         <input_file_ref idref="fl-3"/>
      </object_component>
      <object_component id="oc-230">
         <name>.debug_info</name>
         <load_address>0x2945</load_address>
         <run_address>0x2945</run_address>
         <size>0xd1</size>
         <input_file_ref idref="fl-3"/>
      </object_component>
      <object_component id="oc-de">
         <name>.debug_info</name>
         <load_address>0x2a16</load_address>
         <run_address>0x2a16</run_address>
         <size>0x42f3</size>
         <input_file_ref idref="fl-3"/>
      </object_component>
      <object_component id="oc-347">
         <name>.debug_info</name>
         <load_address>0x6d09</load_address>
         <run_address>0x6d09</run_address>
         <size>0x14e</size>
         <input_file_ref idref="fl-3"/>
      </object_component>
      <object_component id="oc-1c7">
         <name>.debug_info</name>
         <load_address>0x6e57</load_address>
         <run_address>0x6e57</run_address>
         <size>0x8b</size>
         <input_file_ref idref="fl-3"/>
      </object_component>
      <object_component id="oc-2b3">
         <name>.debug_info</name>
         <load_address>0x6ee2</load_address>
         <run_address>0x6ee2</run_address>
         <size>0xca</size>
         <input_file_ref idref="fl-4"/>
      </object_component>
      <object_component id="oc-2b6">
         <name>.debug_info</name>
         <load_address>0x6fac</load_address>
         <run_address>0x6fac</run_address>
         <size>0xca</size>
         <input_file_ref idref="fl-4"/>
      </object_component>
      <object_component id="oc-2bc">
         <name>.debug_info</name>
         <load_address>0x7076</load_address>
         <run_address>0x7076</run_address>
         <size>0xd0</size>
         <input_file_ref idref="fl-4"/>
      </object_component>
      <object_component id="oc-2b9">
         <name>.debug_info</name>
         <load_address>0x7146</load_address>
         <run_address>0x7146</run_address>
         <size>0xcc</size>
         <input_file_ref idref="fl-4"/>
      </object_component>
      <object_component id="oc-2b0">
         <name>.debug_info</name>
         <load_address>0x7212</load_address>
         <run_address>0x7212</run_address>
         <size>0x1a4</size>
         <input_file_ref idref="fl-4"/>
      </object_component>
      <object_component id="oc-13a">
         <name>.debug_info</name>
         <load_address>0x73b6</load_address>
         <run_address>0x73b6</run_address>
         <size>0x54e8</size>
         <input_file_ref idref="fl-4"/>
      </object_component>
      <object_component id="oc-3de">
         <name>.debug_info</name>
         <load_address>0xc89e</load_address>
         <run_address>0xc89e</run_address>
         <size>0xa7b</size>
         <input_file_ref idref="fl-4"/>
      </object_component>
      <object_component id="oc-18b">
         <name>.debug_info</name>
         <load_address>0xd319</load_address>
         <run_address>0xd319</run_address>
         <size>0x213c</size>
         <input_file_ref idref="fl-5"/>
      </object_component>
      <object_component id="oc-17f">
         <name>.debug_info</name>
         <load_address>0xf455</load_address>
         <run_address>0xf455</run_address>
         <size>0x157</size>
         <input_file_ref idref="fl-5"/>
      </object_component>
      <object_component id="oc-188">
         <name>.debug_info</name>
         <load_address>0xf5ac</load_address>
         <run_address>0xf5ac</run_address>
         <size>0xcc</size>
         <input_file_ref idref="fl-5"/>
      </object_component>
      <object_component id="oc-d8">
         <name>.debug_info</name>
         <load_address>0xf678</load_address>
         <run_address>0xf678</run_address>
         <size>0x1424</size>
         <input_file_ref idref="fl-5"/>
      </object_component>
      <object_component id="oc-2e2">
         <name>.debug_info</name>
         <load_address>0x10a9c</load_address>
         <run_address>0x10a9c</run_address>
         <size>0x1b3</size>
         <input_file_ref idref="fl-5"/>
      </object_component>
      <object_component id="oc-305">
         <name>.debug_info</name>
         <load_address>0x10c4f</load_address>
         <run_address>0x10c4f</run_address>
         <size>0x51</size>
         <input_file_ref idref="fl-5"/>
      </object_component>
      <object_component id="oc-284">
         <name>.debug_info</name>
         <load_address>0x10ca0</load_address>
         <run_address>0x10ca0</run_address>
         <size>0x134</size>
         <input_file_ref idref="fl-6"/>
      </object_component>
      <object_component id="oc-126">
         <name>.debug_info</name>
         <load_address>0x10dd4</load_address>
         <run_address>0x10dd4</run_address>
         <size>0xbd9</size>
         <input_file_ref idref="fl-6"/>
      </object_component>
      <object_component id="oc-d3">
         <name>.debug_info</name>
         <load_address>0x119ad</load_address>
         <run_address>0x119ad</run_address>
         <size>0x181e</size>
         <input_file_ref idref="fl-7"/>
      </object_component>
      <object_component id="oc-141">
         <name>.debug_info</name>
         <load_address>0x131cb</load_address>
         <run_address>0x131cb</run_address>
         <size>0x6c0</size>
         <input_file_ref idref="fl-8"/>
      </object_component>
      <object_component id="oc-13e">
         <name>.debug_info</name>
         <load_address>0x1388b</load_address>
         <run_address>0x1388b</run_address>
         <size>0xf5</size>
         <input_file_ref idref="fl-8"/>
      </object_component>
      <object_component id="oc-ab">
         <name>.debug_info</name>
         <load_address>0x13980</load_address>
         <run_address>0x13980</run_address>
         <size>0x66b</size>
         <input_file_ref idref="fl-8"/>
      </object_component>
      <object_component id="oc-12e">
         <name>.debug_info</name>
         <load_address>0x13feb</load_address>
         <run_address>0x13feb</run_address>
         <size>0x928</size>
         <input_file_ref idref="fl-9"/>
      </object_component>
      <object_component id="oc-2ae">
         <name>.debug_info</name>
         <load_address>0x14913</load_address>
         <run_address>0x14913</run_address>
         <size>0x41d</size>
         <input_file_ref idref="fl-a"/>
      </object_component>
      <object_component id="oc-29f">
         <name>.debug_info</name>
         <load_address>0x14d30</load_address>
         <run_address>0x14d30</run_address>
         <size>0x2dc</size>
         <input_file_ref idref="fl-a"/>
      </object_component>
      <object_component id="oc-2a2">
         <name>.debug_info</name>
         <load_address>0x1500c</load_address>
         <run_address>0x1500c</run_address>
         <size>0xc4</size>
         <input_file_ref idref="fl-a"/>
      </object_component>
      <object_component id="oc-2a5">
         <name>.debug_info</name>
         <load_address>0x150d0</load_address>
         <run_address>0x150d0</run_address>
         <size>0xc4</size>
         <input_file_ref idref="fl-a"/>
      </object_component>
      <object_component id="oc-2a8">
         <name>.debug_info</name>
         <load_address>0x15194</load_address>
         <run_address>0x15194</run_address>
         <size>0xc4</size>
         <input_file_ref idref="fl-a"/>
      </object_component>
      <object_component id="oc-2ab">
         <name>.debug_info</name>
         <load_address>0x15258</load_address>
         <run_address>0x15258</run_address>
         <size>0xc4</size>
         <input_file_ref idref="fl-a"/>
      </object_component>
      <object_component id="oc-133">
         <name>.debug_info</name>
         <load_address>0x1531c</load_address>
         <run_address>0x1531c</run_address>
         <size>0x21e9</size>
         <input_file_ref idref="fl-a"/>
      </object_component>
      <object_component id="oc-3cd">
         <name>.debug_info</name>
         <load_address>0x17505</load_address>
         <run_address>0x17505</run_address>
         <size>0x162</size>
         <input_file_ref idref="fl-a"/>
      </object_component>
      <object_component id="oc-247">
         <name>.debug_info</name>
         <load_address>0x17667</load_address>
         <run_address>0x17667</run_address>
         <size>0x467</size>
         <input_file_ref idref="fl-b"/>
      </object_component>
      <object_component id="oc-e7">
         <name>.debug_info</name>
         <load_address>0x17ace</load_address>
         <run_address>0x17ace</run_address>
         <size>0x53a</size>
         <input_file_ref idref="fl-b"/>
      </object_component>
      <object_component id="oc-33">
         <name>.debug_info</name>
         <load_address>0x18008</load_address>
         <run_address>0x18008</run_address>
         <size>0x290</size>
         <input_file_ref idref="fl-c"/>
      </object_component>
      <object_component id="oc-10">
         <name>.debug_info</name>
         <load_address>0x18298</load_address>
         <run_address>0x18298</run_address>
         <size>0xe1</size>
         <input_file_ref idref="fl-c"/>
      </object_component>
      <object_component id="oc-2d">
         <name>.debug_info</name>
         <load_address>0x18379</load_address>
         <run_address>0x18379</run_address>
         <size>0x260</size>
         <input_file_ref idref="fl-c"/>
      </object_component>
      <object_component id="oc-123">
         <name>.debug_info</name>
         <load_address>0x185d9</load_address>
         <run_address>0x185d9</run_address>
         <size>0x4cd</size>
         <input_file_ref idref="fl-d"/>
      </object_component>
      <object_component id="oc-167">
         <name>.debug_info</name>
         <load_address>0x18aa6</load_address>
         <run_address>0x18aa6</run_address>
         <size>0x65e</size>
         <input_file_ref idref="fl-e"/>
      </object_component>
      <object_component id="oc-2ed">
         <name>.debug_info</name>
         <load_address>0x19104</load_address>
         <run_address>0x19104</run_address>
         <size>0xbdd</size>
         <input_file_ref idref="fl-f"/>
      </object_component>
      <object_component id="oc-3bc">
         <name>.debug_info</name>
         <load_address>0x19ce1</load_address>
         <run_address>0x19ce1</run_address>
         <size>0x49a</size>
         <input_file_ref idref="fl-10"/>
      </object_component>
      <object_component id="oc-289">
         <name>.debug_info</name>
         <load_address>0x1a17b</load_address>
         <run_address>0x1a17b</run_address>
         <size>0x5be</size>
         <input_file_ref idref="fl-10"/>
      </object_component>
      <object_component id="oc-27">
         <name>.debug_info</name>
         <load_address>0x1a739</load_address>
         <run_address>0x1a739</run_address>
         <size>0x160</size>
         <input_file_ref idref="fl-cb"/>
      </object_component>
      <object_component id="oc-86">
         <name>.debug_info</name>
         <load_address>0x1a899</load_address>
         <run_address>0x1a899</run_address>
         <size>0x293</size>
         <input_file_ref idref="fl-cc"/>
      </object_component>
      <object_component id="oc-13">
         <name>.debug_info</name>
         <load_address>0x1ab2c</load_address>
         <run_address>0x1ab2c</run_address>
         <size>0x245</size>
         <input_file_ref idref="fl-cc"/>
      </object_component>
      <object_component id="oc-35">
         <name>.debug_info</name>
         <load_address>0x1ad71</load_address>
         <run_address>0x1ad71</run_address>
         <size>0x60</size>
         <input_file_ref idref="fl-cc"/>
      </object_component>
      <object_component id="oc-81">
         <name>.debug_info</name>
         <load_address>0x1add1</load_address>
         <run_address>0x1add1</run_address>
         <size>0x46</size>
         <input_file_ref idref="fl-cc"/>
      </object_component>
      <object_component id="oc-4a">
         <name>.debug_info</name>
         <load_address>0x1ae17</load_address>
         <run_address>0x1ae17</run_address>
         <size>0x2da</size>
         <input_file_ref idref="fl-cd"/>
      </object_component>
      <object_component id="oc-1b">
         <name>.debug_info</name>
         <load_address>0x1b0f1</load_address>
         <run_address>0x1b0f1</run_address>
         <size>0x1df</size>
         <input_file_ref idref="fl-cd"/>
      </object_component>
      <object_component id="oc-45">
         <name>.debug_info</name>
         <load_address>0x1b2d0</load_address>
         <run_address>0x1b2d0</run_address>
         <size>0x46</size>
         <input_file_ref idref="fl-cd"/>
      </object_component>
      <object_component id="oc-88">
         <name>.debug_info</name>
         <load_address>0x1b316</load_address>
         <run_address>0x1b316</run_address>
         <size>0x2c</size>
         <input_file_ref idref="fl-cd"/>
      </object_component>
      <object_component id="oc-56">
         <name>.debug_info</name>
         <load_address>0x1b342</load_address>
         <run_address>0x1b342</run_address>
         <size>0x2c9</size>
         <input_file_ref idref="fl-ce"/>
      </object_component>
      <object_component id="oc-20">
         <name>.debug_info</name>
         <load_address>0x1b60b</load_address>
         <run_address>0x1b60b</run_address>
         <size>0x1aa</size>
         <input_file_ref idref="fl-ce"/>
      </object_component>
      <object_component id="oc-51">
         <name>.debug_info</name>
         <load_address>0x1b7b5</load_address>
         <run_address>0x1b7b5</run_address>
         <size>0x46</size>
         <input_file_ref idref="fl-ce"/>
      </object_component>
      <object_component id="oc-90">
         <name>.debug_info</name>
         <load_address>0x1b7fb</load_address>
         <run_address>0x1b7fb</run_address>
         <size>0x2c</size>
         <input_file_ref idref="fl-ce"/>
      </object_component>
      <object_component id="oc-3c6">
         <name>.debug_info</name>
         <load_address>0x1b827</load_address>
         <run_address>0x1b827</run_address>
         <size>0x2e3</size>
         <input_file_ref idref="fl-cf"/>
      </object_component>
      <object_component id="oc-291">
         <name>.debug_info</name>
         <load_address>0x1bb0a</load_address>
         <run_address>0x1bb0a</run_address>
         <size>0x240</size>
         <input_file_ref idref="fl-cf"/>
      </object_component>
      <object_component id="oc-3c1">
         <name>.debug_info</name>
         <load_address>0x1bd4a</load_address>
         <run_address>0x1bd4a</run_address>
         <size>0x39</size>
         <input_file_ref idref="fl-cf"/>
      </object_component>
      <object_component id="oc-3be">
         <name>.debug_info</name>
         <load_address>0x1bd83</load_address>
         <run_address>0x1bd83</run_address>
         <size>0xf3</size>
         <input_file_ref idref="fl-d0"/>
      </object_component>
      <object_component id="oc-b6">
         <name>.debug_info</name>
         <load_address>0x1be76</load_address>
         <run_address>0x1be76</run_address>
         <size>0x3ce</size>
         <input_file_ref idref="fl-d1"/>
      </object_component>
      <object_component id="oc-b0">
         <name>.debug_info</name>
         <load_address>0x1c244</load_address>
         <run_address>0x1c244</run_address>
         <size>0x185</size>
         <input_file_ref idref="fl-d1"/>
      </object_component>
      <object_component id="oc-73">
         <name>.debug_info</name>
         <load_address>0x1c3c9</load_address>
         <run_address>0x1c3c9</run_address>
         <size>0x214</size>
         <input_file_ref idref="fl-d1"/>
      </object_component>
      <object_component id="oc-295">
         <name>.debug_info</name>
         <load_address>0x1c5dd</load_address>
         <run_address>0x1c5dd</run_address>
         <size>0x144</size>
         <input_file_ref idref="fl-d2"/>
      </object_component>
      <object_component id="oc-243">
         <name>.debug_info</name>
         <load_address>0x1c721</load_address>
         <run_address>0x1c721</run_address>
         <size>0x122</size>
         <input_file_ref idref="fl-d3"/>
      </object_component>
      <object_component id="oc-2f5">
         <name>.debug_info</name>
         <load_address>0x1c843</load_address>
         <run_address>0x1c843</run_address>
         <size>0x132</size>
         <input_file_ref idref="fl-d4"/>
      </object_component>
      <object_component id="oc-2fa">
         <name>.debug_info</name>
         <load_address>0x1c975</load_address>
         <run_address>0x1c975</run_address>
         <size>0x132</size>
         <input_file_ref idref="fl-d5"/>
      </object_component>
      <object_component id="oc-29b">
         <name>.debug_info</name>
         <load_address>0x1caa7</load_address>
         <run_address>0x1caa7</run_address>
         <size>0x136</size>
         <input_file_ref idref="fl-d6"/>
      </object_component>
      <object_component id="oc-23e">
         <name>.debug_info</name>
         <load_address>0x1cbdd</load_address>
         <run_address>0x1cbdd</run_address>
         <size>0x124</size>
         <input_file_ref idref="fl-d7"/>
      </object_component>
      <object_component id="oc-40">
         <name>.debug_info</name>
         <load_address>0x1cd01</load_address>
         <run_address>0x1cd01</run_address>
         <size>0x111</size>
         <input_file_ref idref="fl-d8"/>
      </object_component>
      <object_component id="oc-4c">
         <name>.debug_info</name>
         <load_address>0x1ce12</load_address>
         <run_address>0x1ce12</run_address>
         <size>0x13f</size>
         <input_file_ref idref="fl-d9"/>
      </object_component>
      <object_component id="oc-59">
         <name>.debug_info</name>
         <load_address>0x1cf51</load_address>
         <run_address>0x1cf51</run_address>
         <size>0x138</size>
         <input_file_ref idref="fl-da"/>
      </object_component>
      <object_component id="oc-5e">
         <name>.debug_info</name>
         <load_address>0x1d089</load_address>
         <run_address>0x1d089</run_address>
         <size>0x148</size>
         <input_file_ref idref="fl-db"/>
      </object_component>
      <object_component id="oc-76">
         <name>.debug_info</name>
         <load_address>0x1d1d1</load_address>
         <run_address>0x1d1d1</run_address>
         <size>0x109</size>
         <input_file_ref idref="fl-dc"/>
      </object_component>
      <object_component id="oc-153">
         <name>.debug_info</name>
         <load_address>0x1d2da</load_address>
         <run_address>0x1d2da</run_address>
         <size>0x2be</size>
         <input_file_ref idref="fl-dd"/>
      </object_component>
      <object_component id="oc-b3">
         <name>.debug_info</name>
         <load_address>0x1d598</load_address>
         <run_address>0x1d598</run_address>
         <size>0x113</size>
         <input_file_ref idref="fl-dd"/>
      </object_component>
      <object_component id="oc-14f">
         <name>.debug_info</name>
         <load_address>0x1d6ab</load_address>
         <run_address>0x1d6ab</run_address>
         <size>0x21f</size>
         <input_file_ref idref="fl-dd"/>
      </object_component>
      <object_component id="oc-ae">
         <name>.debug_info</name>
         <load_address>0x1d8ca</load_address>
         <run_address>0x1d8ca</run_address>
         <size>0x300</size>
         <input_file_ref idref="fl-de"/>
      </object_component>
      <object_component id="oc-6d">
         <name>.debug_info</name>
         <load_address>0x1dbca</load_address>
         <run_address>0x1dbca</run_address>
         <size>0x167</size>
         <input_file_ref idref="fl-de"/>
      </object_component>
      <object_component id="oc-144">
         <name>.debug_info</name>
         <load_address>0x1dd31</load_address>
         <run_address>0x1dd31</run_address>
         <size>0x5e</size>
         <input_file_ref idref="fl-de"/>
      </object_component>
      <object_component id="oc-a6">
         <name>.debug_info</name>
         <load_address>0x1dd8f</load_address>
         <run_address>0x1dd8f</run_address>
         <size>0x483</size>
         <input_file_ref idref="fl-df"/>
      </object_component>
      <object_component id="oc-66">
         <name>.debug_info</name>
         <load_address>0x1e212</load_address>
         <run_address>0x1e212</run_address>
         <size>0x190</size>
         <input_file_ref idref="fl-df"/>
      </object_component>
      <object_component id="oc-c1">
         <name>.debug_info</name>
         <load_address>0x1e3a2</load_address>
         <run_address>0x1e3a2</run_address>
         <size>0x39</size>
         <input_file_ref idref="fl-df"/>
      </object_component>
      <object_component id="oc-15e">
         <name>.debug_info</name>
         <load_address>0x1e3db</load_address>
         <run_address>0x1e3db</run_address>
         <size>0x39</size>
         <input_file_ref idref="fl-df"/>
      </object_component>
      <object_component id="oc-c6">
         <name>.debug_info</name>
         <load_address>0x1e414</load_address>
         <run_address>0x1e414</run_address>
         <size>0xcd</size>
         <input_file_ref idref="fl-df"/>
      </object_component>
      <object_component id="oc-bd">
         <name>.debug_info</name>
         <load_address>0x1e4e1</load_address>
         <run_address>0x1e4e1</run_address>
         <size>0x37a</size>
         <input_file_ref idref="fl-e0"/>
      </object_component>
[...]
      </symbol>
      <symbol id="sm-e51">
         <name>ResetISR</name>
         <value>0x990f</value>
         <object_component_ref idref="oc-2b"/>
      </symbol>
      <symbol id="sm-e52">
         <name>g_pfnVectors</name>
         <value>0x0</value>
         <object_component_ref idref="oc-f"/>
      </symbol>
      <symbol id="sm-e75">
         <name>pinout_config</name>
         <value>0x83f9</value>
         <object_component_ref idref="oc-11f"/>
      </symbol>
      <symbol id="sm-e86">
         <name>set_pin</name>
         <value>0x8c51</value>
         <object_component_ref idref="oc-165"/>
      </symbol>
      <symbol id="sm-e87">
         <name>toggle_pin</name>
         <value>0x8c1f</value>
         <object_component_ref idref="oc-165"/>
      </symbol>
      <symbol id="sm-e88">
         <name>read_pin</name>
         <value>0x8c7d</value>
         <object_component_ref idref="oc-165"/>
      </symbol>
      <symbol id="sm-e89">
         <name>clear_pin</name>
         <value>0x8c67</value>
         <object_component_ref idref="oc-165"/>
      </symbol>
      <symbol id="sm-e8a">
         <name>set_gpio_as_output</name>
         <value>0x8bf7</value>
         <object_component_ref idref="oc-165"/>
      </symbol>
      <symbol id="sm-e8b">
         <name>set_gpio_as_input</name>
         <value>0x8c0b</value>
         <object_component_ref idref="oc-165"/>
      </symbol>
      <symbol id="sm-ebf">
         <name>I2C5Receive</name>
         <value>0x7231</value>
         <object_component_ref idref="oc-2ec"/>
      </symbol>
      <symbol id="sm-ec0">
         <name>I2C2Send</name>
         <value>0x72db</value>
         <object_component_ref idref="oc-2ec"/>
      </symbol>
      <symbol id="sm-ec1">
         <name>I2C5Send</name>
         <value>0x714d</value>
         <object_component_ref idref="oc-2ec"/>
      </symbol>
      <symbol id="sm-ec2">
         <name>InitI2C2</name>
         <value>0x7287</value>
         <object_component_ref idref="oc-2ec"/>
      </symbol>
      <symbol id="sm-ec3">
         <name>InitI2C5</name>
         <value>0x70f9</value>
         <object_component_ref idref="oc-2ec"/>
      </symbol>
      <symbol id="sm-ec4">
         <name>I2C2Receive</name>
         <value>0x73d9</value>
         <object_component_ref idref="oc-2ec"/>
      </symbol>
      <symbol id="sm-edd">
         <name>spi_init</name>
         <value>0x828d</value>
         <object_component_ref idref="oc-288"/>
      </symbol>
      <symbol id="sm-ede">
         <name>read_spi_data</name>
         <value>0x8333</value>
         <object_component_ref idref="oc-288"/>
      </symbol>
      <symbol id="sm-edf">
         <name>write_spi_byte</name>
         <value>0x83a7</value>
         <object_component_ref idref="oc-288"/>
      </symbol>
      <symbol id="sm-ee0">
         <name>read_spi_byte</name>
         <value>0x82e7</value>
         <object_component_ref idref="oc-288"/>
      </symbol>
      <symbol id="sm-ef1">
         <name>_c_int00</name>
         <value>0x9191</value>
         <object_component_ref idref="oc-24"/>
      </symbol>
      <symbol id="sm-ef2">
         <name>__stack</name>
         <value>0x200005ac</value>
         <object_component_ref idref="oc-2a"/>
      </symbol>
      <symbol id="sm-f10">
         <name>__TI_decompress_lzss</name>
         <value>0x906d</value>
         <object_component_ref idref="oc-12"/>
      </symbol>
      <symbol id="sm-f27">
         <name>__TI_decompress_none</name>
         <value>0x98dd</value>
         <object_component_ref idref="oc-18"/>
      </symbol>
      <symbol id="sm-f3e">
         <name>__TI_zero_init</name>
         <value>0x9903</value>
         <object_component_ref idref="oc-1e"/>
      </symbol>
      <symbol id="sm-f67">
         <name>sqrtl</name>
         <value>0x811d</value>
         <object_component_ref idref="oc-28e"/>
      </symbol>
      <symbol id="sm-f68">
         <name>sqrt</name>
         <value>0x811d</value>
         <object_component_ref idref="oc-28e"/>
      </symbol>
      <symbol id="sm-f70">
         <name>errno</name>
         <value>0x2000083c</value>
         <object_component_ref idref="oc-3bd"/>
      </symbol>
      <symbol id="sm-f91">
         <name>C$$EXIT</name>
         <value>0x91e5</value>
         <object_component_ref idref="oc-6f"/>
      </symbol>
      <symbol id="sm-f92">
         <name>abort</name>
         <value>0x91e9</value>
         <object_component_ref idref="oc-6f"/>
      </symbol>
      <symbol id="sm-f93">
         <name>exit</name>
         <value>0x91f1</value>
         <object_component_ref idref="oc-6f"/>
      </symbol>
      <symbol id="sm-f94">
         <name>__TI_dtors_ptr</name>
         <value>0x20000814</value>
         <object_component_ref idref="oc-af"/>
      </symbol>
      <symbol id="sm-f95">
         <name>__TI_cleanup_ptr</name>
         <value>0x20000810</value>
         <object_component_ref idref="oc-af"/>
      </symbol>
      <symbol id="sm-f96">
         <name>__TI_enable_exit_profile_output</name>
         <value>0x20000818</value>
         <object_component_ref idref="oc-af"/>
      </symbol>
      <symbol id="sm-fad">
         <name>__aeabi_dsub</name>
         <value>0x7c3d</value>
         <object_component_ref idref="oc-294"/>
      </symbol>
      <symbol id="sm-fae">
         <name>__aeabi_dadd</name>
         <value>0x7c47</value>
         <object_component_ref idref="oc-294"/>
      </symbol>
      <symbol id="sm-fc0">
         <name>__aeabi_cdrcmple</name>
         <value>0x8d3f</value>
         <object_component_ref idref="oc-240"/>
      </symbol>
      <symbol id="sm-fd4">
         <name>__aeabi_ddiv</name>
         <value>0x8673</value>
         <object_component_ref idref="oc-2f2"/>
      </symbol>
      <symbol id="sm-fdf">
         <name>__aeabi_dmul</name>
         <value>0x8afb</value>
         <object_component_ref idref="oc-2f7"/>
      </symbol>
      <symbol id="sm-feb">
         <name>__aeabi_d2f</name>
         <value>0x8f29</value>
         <object_component_ref idref="oc-299"/>
      </symbol>
      <symbol id="sm-ff6">
         <name>__aeabi_f2d</name>
         <value>0x9581</value>
         <object_component_ref idref="oc-23b"/>
      </symbol>
      <symbol id="sm-1011">
         <name>memcpy</name>
         <value>0x8ca3</value>
         <object_component_ref idref="oc-3f"/>
      </symbol>
      <symbol id="sm-1012">
         <name>__aeabi_memcpy</name>
         <value>0x8ca3</value>
         <object_component_ref idref="oc-3f"/>
      </symbol>
      <symbol id="sm-1013">
         <name>__aeabi_memcpy8</name>
         <value>0x8ca3</value>
         <object_component_ref idref="oc-3f"/>
      </symbol>
      <symbol id="sm-1014">
         <name>__aeabi_memcpy4</name>
         <value>0x8ca3</value>
         <object_component_ref idref="oc-3f"/>
      </symbol>
      <symbol id="sm-1023">
         <name>__aeabi_memset</name>
         <value>0x8e41</value>
         <object_component_ref idref="oc-4b"/>
      </symbol>
      <symbol id="sm-1024">
         <name>memset</name>
         <value>0x8e47</value>
         <object_component_ref idref="oc-4b"/>
      </symbol>
      <symbol id="sm-1025">
         <name>__aeabi_memset8</name>
         <value>0x8e41</value>
         <object_component_ref idref="oc-4b"/>
      </symbol>
      <symbol id="sm-1026">
         <name>__aeabi_memset4</name>
         <value>0x8e41</value>
         <object_component_ref idref="oc-4b"/>
      </symbol>
      <symbol id="sm-1027">
         <name>__aeabi_memclr8</name>
         <value>0x8e3f</value>
         <object_component_ref idref="oc-4b"/>
      </symbol>
      <symbol id="sm-1028">
         <name>__aeabi_memclr4</name>
         <value>0x8e3f</value>
         <object_component_ref idref="oc-4b"/>
      </symbol>
      <symbol id="sm-1029">
         <name>__aeabi_memclr</name>
         <value>0x8e3f</value>
         <object_component_ref idref="oc-4b"/>
      </symbol>
      <symbol id="sm-1033">
         <name>__mpu_init</name>
         <value>0x7df3</value>
         <object_component_ref idref="oc-57"/>
      </symbol>
      <symbol id="sm-103d">
         <name>_system_pre_init</name>
         <value>0x9991</value>
         <object_component_ref idref="oc-5d"/>
      </symbol>
      <symbol id="sm-1045">
         <name>main_func_sp</name>
         <value>0x20000840</value>
         <object_component_ref idref="oc-75"/>
      </symbol>
      <symbol id="sm-105e">
         <name>_nop</name>
         <value>0x982b</value>
         <object_component_ref idref="oc-14b"/>
      </symbol>
      <symbol id="sm-105f">
         <name>_lock</name>
         <value>0x2000081c</value>
         <object_component_ref idref="oc-b2"/>
      </symbol>
      <symbol id="sm-1060">
         <name>_unlock</name>
         <value>0x20000820</value>
         <object_component_ref idref="oc-b2"/>
      </symbol>
      <symbol id="sm-1061">
         <name>_register_lock</name>
         <value>0x9823</value>
         <object_component_ref idref="oc-14b"/>
      </symbol>
      <symbol id="sm-1062">
         <name>_register_unlock</name>
         <value>0x981d</value>
         <object_component_ref idref="oc-14b"/>
      </symbol>
      <symbol id="sm-1076">
         <name>_args_main</name>
         <value>0x9805</value>
         <object_component_ref idref="oc-69"/>
      </symbol>
      <symbol id="sm-10a0">
         <name>__TI_auto_init</name>
         <value>0x8eb9</value>
         <object_component_ref idref="oc-63"/>
      </symbol>
      <symbol id="sm-10ba">
         <name>copy_in</name>
         <value>0x9371</value>
         <object_component_ref idref="oc-99"/>
      </symbol>
      <symbol id="sm-10c4">
         <name>_system_post_cinit</name>
         <value>0x88db</value>
         <object_component_ref idref="oc-9f"/>
      </symbol>
      <symbol id="sm-1112">
         <name>ADCProcessorTrigger</name>
         <value>0x97a3</value>
         <object_component_ref idref="oc-1f6"/>
      </symbol>
      <symbol id="sm-1113">
         <name>ADCSequenceEnable</name>
         <value>0x98c1</value>
         <object_component_ref idref="oc-1ea"/>
      </symbol>
      <symbol id="sm-1114">
         <name>ADCSequenceConfigure</name>
         <value>0x9239</value>
         <object_component_ref idref="oc-1de"/>
      </symbol>
      <symbol id="sm-1115">
         <name>ADCReferenceSet</name>
         <value>0x98eb</value>
         <object_component_ref idref="oc-1d2"/>
      </symbol>
      <symbol id="sm-1116">
         <name>ADCSequenceStepConfigure</name>
         <value>0x8dc5</value>
         <object_component_ref idref="oc-1e4"/>
      </symbol>
      <symbol id="sm-1117">
         <name>ADCIntClear</name>
         <value>0x991b</value>
         <object_component_ref idref="oc-1f0"/>
      </symbol>
      <symbol id="sm-1118">
         <name>ADCIntStatus</name>
         <value>0x9655</value>
         <object_component_ref idref="oc-1fc"/>
      </symbol>
      <symbol id="sm-1119">
         <name>ADCSequenceDataGet</name>
         <value>0x9785</value>
         <object_component_ref idref="oc-202"/>
      </symbol>
      <symbol id="sm-11d2">
         <name>CANIntRegister</name>
         <value>0x97bb</value>
         <object_component_ref idref="oc-1b8"/>
      </symbol>
      <symbol id="sm-11d3">
         <name>CANMessageGet</name>
         <value>0x89ed</value>
         <object_component_ref idref="oc-194"/>
      </symbol>
      <symbol id="sm-11d4">
         <name>CANBitRateSet</name>
         <value>0x8f99</value>
         <object_component_ref idref="oc-1ac"/>
      </symbol>
      <symbol id="sm-11d5">
         <name>CANEnable</name>
         <value>0x9925</value>
         <object_component_ref idref="oc-1be"/>
      </symbol>
      <symbol id="sm-11d6">
         <name>CANStatusGet</name>
         <value>0x9491</value>
         <object_component_ref idref="oc-172"/>
      </symbol>
      <symbol id="sm-11d7">
         <name>CANMessageSet</name>
         <value>0x853d</value>
         <object_component_ref idref="oc-18e"/>
      </symbol>
      <symbol id="sm-11d8">
         <name>CANIntClear</name>
         <value>0x9721</value>
         <object_component_ref idref="oc-178"/>
      </symbol>
      <symbol id="sm-11d9">
         <name>CANIntStatus</name>
         <value>0x9743</value>
         <object_component_ref idref="oc-16c"/>
      </symbol>
      <symbol id="sm-11da">
         <name>CANInit</name>
         <value>0x950d</value>
         <object_component_ref idref="oc-1a6"/>
      </symbol>
      <symbol id="sm-11db">
         <name>CANIntEnable</name>
         <value>0x994d</value>
         <object_component_ref idref="oc-1b2"/>
      </symbol>
      <symbol id="sm-124d">
         <name>GPIOPinConfigure</name>
         <value>0x93bd</value>
         <object_component_ref idref="oc-19a"/>
      </symbol>
      <symbol id="sm-124e">
         <name>GPIOPinTypeI2CSCL</name>
         <value>0x9879</value>
         <object_component_ref idref="oc-3f5"/>
      </symbol>
      <symbol id="sm-124f">
         <name>GPIOPinTypeI2C</name>
         <value>0x9867</value>
         <object_component_ref idref="oc-3ef"/>
      </symbol>
      <symbol id="sm-1250">
         <name>GPIOPinTypeADC</name>
         <value>0x9831</value>
         <object_component_ref idref="oc-1d8"/>
      </symbol>
      <symbol id="sm-1251">
         <name>GPIOPinTypeGPIOInput</name>
         <value>0x9855</value>
         <object_component_ref idref="oc-2ce"/>
      </symbol>
      <symbol id="sm-1252">
         <name>GPIOPinTypeGPIOOutput</name>
         <value>0x97d3</value>
         <object_component_ref idref="oc-2c8"/>
      </symbol>
      <symbol id="sm-1253">
         <name>GPIOPinRead</name>
         <value>0x9975</value>
         <object_component_ref idref="oc-2d4"/>
      </symbol>
      <symbol id="sm-1254">
         <name>GPIODirModeSet</name>
         <value>0x9683</value>
         <object_component_ref idref="oc-31e"/>
      </symbol>
      <symbol id="sm-1255">
         <name>GPIOPinWrite</name>
         <value>0x997b</value>
         <object_component_ref idref="oc-2da"/>
      </symbol>
      <symbol id="sm-1256">
         <name>GPIOPadConfigSet</name>
         <value>0x87a9</value>
         <object_component_ref idref="oc-324"/>
      </symbol>
      <symbol id="sm-1257">
         <name>GPIOPinTypeSSI</name>
         <value>0x988b</value>
         <object_component_ref idref="oc-397"/>
      </symbol>
      <symbol id="sm-1258">
         <name>GPIOPinTypeCAN</name>
         <value>0x9843</value>
         <object_component_ref idref="oc-1a0"/>
      </symbol>
      <symbol id="sm-12b0">
         <name>I2CMasterBusBusy</name>
         <value>0x9955</value>
         <object_component_ref idref="oc-42b"/>
      </symbol>
      <symbol id="sm-12b1">
         <name>I2CMasterDataPut</name>
         <value>0x9989</value>
         <object_component_ref idref="oc-419"/>
      </symbol>
      <symbol id="sm-12b2">
         <name>I2CMasterGlitchFilterConfigSet</name>
         <value>0x944d</value>
         <object_component_ref idref="oc-40d"/>
      </symbol>
      <symbol id="sm-12b3">
         <name>I2CMasterInitExpClk</name>
         <value>0x92d9</value>
         <object_component_ref idref="oc-407"/>
      </symbol>
      <symbol id="sm-12b4">
         <name>I2CMasterSlaveAddrSet</name>
         <value>0x9965</value>
         <object_component_ref idref="oc-413"/>
      </symbol>
      <symbol id="sm-12b5">
         <name>I2CMasterDataGet</name>
         <value>0x9985</value>
         <object_component_ref idref="oc-431"/>
      </symbol>
      <symbol id="sm-12b6">
         <name>I2CMasterControl</name>
         <value>0x9981</value>
         <object_component_ref idref="oc-41f"/>
      </symbol>
      <symbol id="sm-12b7">
         <name>I2CMasterBusy</name>
         <value>0x995d</value>
         <object_component_ref idref="oc-425"/>
      </symbol>
      <symbol id="sm-12b8">
         <name>I2CMasterEnable</name>
         <value>0x992f</value>
         <object_component_ref idref="oc-46b"/>
      </symbol>
      <symbol id="sm-1302">
         <name>IntPrioritySet</name>
         <value>0x96d9</value>
         <object_component_ref idref="oc-fb"/>
      </symbol>
      <symbol id="sm-1303">
         <name>IntEnable</name>
         <value>0x9005</value>
         <object_component_ref idref="oc-101"/>
      </symbol>
      <symbol id="sm-1304">
         <name>IntRegister</name>
         <value>0x95b9</value>
         <object_component_ref idref="oc-25e"/>
      </symbol>
      <symbol id="sm-1305">
         <name>g_pfnRAMVectors</name>
         <value>0x20000000</value>
         <object_component_ref idref="oc-385"/>
      </symbol>
      <symbol id="sm-1336">
         <name>SSIDataPut</name>
         <value>0x9939</value>
         <object_component_ref idref="oc-3af"/>
      </symbol>
      <symbol id="sm-1337">
         <name>SSIDataGet</name>
         <value>0x98f7</value>
         <object_component_ref idref="oc-3b5"/>
      </symbol>
      <symbol id="sm-1338">
         <name>SSIDataGetNonBlocking</name>
         <value>0x989d</value>
         <object_component_ref idref="oc-3a9"/>
      </symbol>
      <symbol id="sm-1339">
         <name>SSIConfigSetExpClk</name>
         <value>0x94d1</value>
         <object_component_ref idref="oc-39d"/>
      </symbol>
      <symbol id="sm-133a">
         <name>SSIEnable</name>
         <value>0x9943</value>
         <object_component_ref idref="oc-3a3"/>
      </symbol>
      <symbol id="sm-13e9">
         <name>SysCtlPeripheralEnable</name>
         <value>0x9621</value>
         <object_component_ref idref="oc-e9"/>
      </symbol>
      <symbol id="sm-13ea">
         <name>SysCtlClockGet</name>
         <value>0x88dd</value>
         <object_component_ref idref="oc-401"/>
      </symbol>
      <symbol id="sm-13eb">
         <name>SysCtlPeripheralDisable</name>
         <value>0x95ed</value>
         <object_component_ref idref="oc-27c"/>
      </symbol>
      <symbol id="sm-13ec">
         <name>SysCtlPeripheralReady</name>
         <value>0x9549</value>
         <object_component_ref idref="oc-1cc"/>
      </symbol>
      <symbol id="sm-13ed">
         <name>SysCtlClockFreqSet</name>
         <value>0x7a3d</value>
         <object_component_ref idref="oc-119"/>
      </symbol>
      <symbol id="sm-13ee">
         <name>SysCtlPeripheralReset</name>
         <value>0x9289</value>
         <object_component_ref idref="oc-3fb"/>
      </symbol>
      <symbol id="sm-1449">
         <name>TimerLoadSet</name>
         <value>0x98af</value>
         <object_component_ref idref="oc-f5"/>
      </symbol>
      <symbol id="sm-144a">
         <name>TimerIntRegister</name>
         <value>0x97eb</value>
         <object_component_ref idref="oc-10d"/>
      </symbol>
      <symbol id="sm-144b">
         <name>TimerEnable</name>
         <value>0x98cf</value>
         <object_component_ref idref="oc-113"/>
      </symbol>
      <symbol id="sm-144c">
         <name>TimerIntEnable</name>
         <value>0x996d</value>
         <object_component_ref idref="oc-107"/>
      </symbol>
      <symbol id="sm-144d">
         <name>TimerConfigure</name>
         <value>0x90d5</value>
         <object_component_ref idref="oc-ef"/>
      </symbol>
      <symbol id="sm-144e">
         <name>TimerIntClear</name>
         <value>0x998d</value>
         <object_component_ref idref="oc-cb"/>
      </symbol>
      <symbol id="sm-1450">
         <name>__TI_static_base__</name>
         <value>0x0</value>
      </symbol>
      <symbol id="sm-1453">
         <name>SHT$$INIT_ARRAY$$Limit</name>
         <value>0x0</value>
      </symbol>
      <symbol id="sm-1454">
         <name>SHT$$INIT_ARRAY$$Base</name>
         <value>0x0</value>
      </symbol>
   </symbol_table>
   <title>Link successful</title>
</link_info>
